Archive member included to satisfy reference by file (symbol)

c:/program files (x86)/atmel/studio/7.0/toolchain/avr8/avr8-gnu-toolchain/bin/../lib/gcc/avr/5.4.0/avr5\libgcc.a(_divmodhi4.o)
                              ASW/BlinkCode.o (__divmodhi4)
c:/program files (x86)/atmel/studio/7.0/toolchain/avr8/avr8-gnu-toolchain/bin/../lib/gcc/avr/5.4.0/avr5\libgcc.a(_exit.o)
                              C:/Program Files (x86)/Atmel/Studio/7.0/Packs/atmel/ATmega_DFP/1.2.150/gcc/dev/atmega328p/avr5/crtatmega328p.o (exit)
c:/program files (x86)/atmel/studio/7.0/toolchain/avr8/avr8-gnu-toolchain/bin/../lib/gcc/avr/5.4.0/avr5\libgcc.a(_copy_data.o)
                              ASW/ESP8266.o (__do_copy_data)
c:/program files (x86)/atmel/studio/7.0/toolchain/avr8/avr8-gnu-toolchain/bin/../lib/gcc/avr/5.4.0/avr5\libgcc.a(_clear_bss.o)
                              ASW/BlinkCode.o (__do_clear_bss)
c:/program files (x86)/atmel/studio/7.0/toolchain/avr8/avr8-gnu-toolchain/bin/../lib/gcc/avr/5.4.0/avr5\libgcc.a(_umulhisi3.o)
                              BaseLayer/ExtInterrupt.o (__umulhisi3)
c:/program files (x86)/atmel/studio/7.0/toolchain/avr8/avr8-gnu-toolchain/bin/../lib/gcc/avr/5.4.0/avr5\libgcc.a(_udivmodhi4.o)
                              c:/program files (x86)/atmel/studio/7.0/toolchain/avr8/avr8-gnu-toolchain/bin/../lib/gcc/avr/5.4.0/avr5\libgcc.a(_divmodhi4.o) (__udivmodhi4)
c:/program files (x86)/atmel/studio/7.0/toolchain/avr8/avr8-gnu-toolchain/bin/../lib/gcc/avr/5.4.0/../../../../avr/lib/avr5\libc.a(malloc.o)
                              OS/EventQ.o (malloc)
c:/program files (x86)/atmel/studio/7.0/toolchain/avr8/avr8-gnu-toolchain/bin/../lib/gcc/avr/5.4.0/../../../../avr/lib/avr5\libc.a(strcmp.o)
                              ASW/ESP8266.o (strcmp)

Allocating common symbols
Common symbol       size              file

TimeReady           0x1               BaseLayer/ExtInterrupt.o
UartEvents          0x1               ASW/ESP8266.o
IndexNvmCount       0x1               BaseLayer/NVM.o
ADC_Array           0x14              OS/GccApplication1.o
Sigout              0x1               OS/Task.o
data_in             0x5               ASW/ESP8266.o
__brkval            0x2               c:/program files (x86)/atmel/studio/7.0/toolchain/avr8/avr8-gnu-toolchain/bin/../lib/gcc/avr/5.4.0/../../../../avr/lib/avr5\libc.a(malloc.o)
message             0x2               BaseLayer/NVM.o
eQ                  0x5a              OS/EventQ.o
TEMP                0x2               MddleLayer/NVM_Handler.o
r                   0x1               ASW/ESP8266.o
eepromaddress       0x2               BaseLayer/NVM.o
Datastore           0x14              MddleLayer/DebugHandler.o
Links               0x2               OS/Events.o
WriteorRead         0x1               BaseLayer/NVM.o
argp1               0x2               MddleLayer/DebugHandler.o
Sendstatus          0x1               ASW/ESP8266.o
CurrentEvent        0x6               OS/Events.o
Nvm_Table_t         0x6               ASW/Routines.o
eepromaddressCopy   0x2               BaseLayer/NVM.o
callbackFunction    0x2               ASW/ESP8266.o
callbackarray       0x14              OS/OSRR.o
ESPUartData         0x64              BaseLayer/UART.o
Data_Count          0x1               ASW/ESP8266.o
event               0x1               ASW/ESP8266.o
VariableManager_t   0x14              MddleLayer/DebugHandler.o
TimerValue          0x2               BaseLayer/ExtInterrupt.o
overflowfag         0x1               BaseLayer/ExtInterrupt.o
command_ready       0x1               ASW/ESP8266.o
espdata             0x1               ASW/ESP8266.o
Esp_Index           0x1               ASW/ESP8266.o
__flp               0x2               c:/program files (x86)/atmel/studio/7.0/toolchain/avr8/avr8-gnu-toolchain/bin/../lib/gcc/avr/5.4.0/../../../../avr/lib/avr5\libc.a(malloc.o)
e                   0x6               OS/GccApplication1.o
ProcessEvent        0x2               OS/Taskadd.o
eventount           0x1               ASW/Routines.o
WriteSize           0x1               BaseLayer/NVM.o

Discarded input sections

 .data          0x00000000        0x0 C:/Program Files (x86)/Atmel/Studio/7.0/Packs/atmel/ATmega_DFP/1.2.150/gcc/dev/atmega328p/avr5/crtatmega328p.o
 .bss           0x00000000        0x0 C:/Program Files (x86)/Atmel/Studio/7.0/Packs/atmel/ATmega_DFP/1.2.150/gcc/dev/atmega328p/avr5/crtatmega328p.o
 .text          0x00000000        0x0 ASW/BlinkCode.o
 .data          0x00000000        0x0 ASW/BlinkCode.o
 .bss           0x00000000        0x0 ASW/BlinkCode.o
 .text          0x00000000        0x0 ASW/ESP8266.o
 .data          0x00000000        0x0 ASW/ESP8266.o
 .bss           0x00000000        0x0 ASW/ESP8266.o
 .text.Connect_ESP
                0x00000000        0x8 ASW/ESP8266.o
 .text.printBuffer
                0x00000000       0xd2 ASW/ESP8266.o
 .text.print    0x00000000        0xe ASW/ESP8266.o
 .text.test2    0x00000000        0xa ASW/ESP8266.o
 .text.test1    0x00000000        0xe ASW/ESP8266.o
 .text.Uart_DebugMode
                0x00000000       0x96 ASW/ESP8266.o
 .data.Check    0x00000000        0x5 ASW/ESP8266.o
 .data.str      0x00000000        0xb ASW/ESP8266.o
 .bss.UartDebugFlag.1874
                0x00000000        0x1 ASW/ESP8266.o
 .bss.UartDebugState.1875
                0x00000000        0x1 ASW/ESP8266.o
 .text          0x00000000        0x0 ASW/Routines.o
 .data          0x00000000        0x0 ASW/Routines.o
 .bss           0x00000000        0x0 ASW/Routines.o
 .rodata.str1.1
                0x00000000        0x9 ASW/Routines.o
 .text.DebugMode
                0x00000000       0xd6 ASW/Routines.o
 .bss.DebugStates
                0x00000000        0x1 ASW/Routines.o
 .bss.DebugArrayindex
                0x00000000        0x1 ASW/Routines.o
 .bss.DebugArray
                0x00000000        0xa ASW/Routines.o
 .text          0x00000000        0x0 ASW/StringOp.o
 .data          0x00000000        0x0 ASW/StringOp.o
 .bss           0x00000000        0x0 ASW/StringOp.o
 .text.Stringlength
                0x00000000       0x1e ASW/StringOp.o
 .text.AddSubString
                0x00000000       0x32 ASW/StringOp.o
 .text.ReplaceSpace
                0x00000000       0x2e ASW/StringOp.o
 .debug_info    0x00000000      0x184 ASW/StringOp.o
 .debug_abbrev  0x00000000       0xe2 ASW/StringOp.o
 .debug_loc     0x00000000      0x108 ASW/StringOp.o
 .debug_aranges
                0x00000000       0x30 ASW/StringOp.o
 .debug_ranges  0x00000000       0x20 ASW/StringOp.o
 .debug_line    0x00000000      0x108 ASW/StringOp.o
 .debug_str     0x00000000      0x10f ASW/StringOp.o
 .comment       0x00000000       0x30 ASW/StringOp.o
 .debug_frame   0x00000000       0x50 ASW/StringOp.o
 .text          0x00000000        0x0 ASW/UartHandler.o
 .data          0x00000000        0x0 ASW/UartHandler.o
 .bss           0x00000000        0x0 ASW/UartHandler.o
 .text.UartHandlerMain
                0x00000000       0x34 ASW/UartHandler.o
 .data.PrintOut
                0x00000000        0x2 ASW/UartHandler.o
 .text          0x00000000        0x0 BaseLayer/ADC.o
 .data          0x00000000        0x0 BaseLayer/ADC.o
 .bss           0x00000000        0x0 BaseLayer/ADC.o
 .text          0x00000000        0x0 BaseLayer/BaseTasks.o
 .data          0x00000000        0x0 BaseLayer/BaseTasks.o
 .bss           0x00000000        0x0 BaseLayer/BaseTasks.o
 .text.LowerlayerTask
                0x00000000        0x2 BaseLayer/BaseTasks.o
 .debug_info    0x00000000       0x86 BaseLayer/BaseTasks.o
 .debug_abbrev  0x00000000       0x51 BaseLayer/BaseTasks.o
 .debug_aranges
                0x00000000       0x20 BaseLayer/BaseTasks.o
 .debug_ranges  0x00000000       0x10 BaseLayer/BaseTasks.o
 .debug_line    0x00000000       0xde BaseLayer/BaseTasks.o
 .debug_str     0x00000000       0xe8 BaseLayer/BaseTasks.o
 .comment       0x00000000       0x30 BaseLayer/BaseTasks.o
 .debug_frame   0x00000000       0x24 BaseLayer/BaseTasks.o
 .text          0x00000000        0x0 BaseLayer/CircularQueue.o
 .data          0x00000000        0x0 BaseLayer/CircularQueue.o
 .bss           0x00000000        0x0 BaseLayer/CircularQueue.o
 .text          0x00000000        0x0 BaseLayer/ExtInterrupt.o
 .data          0x00000000        0x0 BaseLayer/ExtInterrupt.o
 .bss           0x00000000        0x0 BaseLayer/ExtInterrupt.o
 .text          0x00000000        0x0 BaseLayer/I2C.o
 .data          0x00000000        0x0 BaseLayer/I2C.o
 .bss           0x00000000        0x0 BaseLayer/I2C.o
 .text.i2c_init
                0x00000000       0x12 BaseLayer/I2C.o
 .text.i2c_read_ack
                0x00000000       0x16 BaseLayer/I2C.o
 .text.i2c_read_nack
                0x00000000       0x16 BaseLayer/I2C.o
 .text.i2c_readReg
                0x00000000       0x8e BaseLayer/I2C.o
 .text.i2c_writeReg
                0x00000000       0x60 BaseLayer/I2C.o
 .text.i2c_receive
                0x00000000       0x76 BaseLayer/I2C.o
 .text.i2c_transmit
                0x00000000       0x54 BaseLayer/I2C.o
 .text.ssd1036_Init
                0x00000000       0x12 BaseLayer/I2C.o
 .text.ssd1036_chumma
                0x00000000       0x12 BaseLayer/I2C.o
 .text.ssd1306_Rectangle
                0x00000000       0x30 BaseLayer/I2C.o
 .data.ssd1306_init_sequence
                0x00000000       0x1c BaseLayer/I2C.o
 .bss.chumma    0x00000000        0x5 BaseLayer/I2C.o
 .text          0x00000000        0x0 BaseLayer/NVM.o
 .data          0x00000000        0x0 BaseLayer/NVM.o
 .bss           0x00000000        0x0 BaseLayer/NVM.o
 .text.NvmPopulateWriteSize
                0x00000000       0x40 BaseLayer/NVM.o
 .text.SwitchNvmOn
                0x00000000        0x8 BaseLayer/NVM.o
 .text.GetNVMState
                0x00000000        0x6 BaseLayer/NVM.o
 .text          0x00000000        0x0 BaseLayer/pinout.o
 .data          0x00000000        0x0 BaseLayer/pinout.o
 .bss           0x00000000        0x0 BaseLayer/pinout.o
 .text          0x00000000        0x0 BaseLayer/SPI.o
 .data          0x00000000        0x0 BaseLayer/SPI.o
 .bss           0x00000000        0x0 BaseLayer/SPI.o
 .text          0x00000000        0x0 BaseLayer/Timer2.o
 .data          0x00000000        0x0 BaseLayer/Timer2.o
 .bss           0x00000000        0x0 BaseLayer/Timer2.o
 .text          0x00000000        0x0 BaseLayer/UART.o
 .data          0x00000000        0x0 BaseLayer/UART.o
 .bss           0x00000000        0x0 BaseLayer/UART.o
 .text.uart_read
                0x00000000       0x10 BaseLayer/UART.o
 .text.uart_string1
                0x00000000       0x1e BaseLayer/UART.o
 .text.uart_16Uint
                0x00000000       0xd4 BaseLayer/UART.o
 .text.PushInterface
                0x00000000        0xc BaseLayer/UART.o
 .text.BufferEmpty
                0x00000000        0xa BaseLayer/UART.o
 .text          0x00000000        0x0 MddleLayer/ADCread.o
 .data          0x00000000        0x0 MddleLayer/ADCread.o
 .bss           0x00000000        0x0 MddleLayer/ADCread.o
 .bss.ChannelStatus
                0x00000000        0x1 MddleLayer/ADCread.o
 .text          0x00000000        0x0 MddleLayer/ADCTop.o
 .data          0x00000000        0x0 MddleLayer/ADCTop.o
 .bss           0x00000000        0x0 MddleLayer/ADCTop.o
 .debug_line    0x00000000        0x0 MddleLayer/ADCTop.o
 .comment       0x00000000       0x30 MddleLayer/ADCTop.o
 .text          0x00000000        0x0 MddleLayer/BaseTask.o
 .data          0x00000000        0x0 MddleLayer/BaseTask.o
 .bss           0x00000000        0x0 MddleLayer/BaseTask.o
 .bss.Start     0x00000000        0x1 MddleLayer/BaseTask.o
 .bss.Status    0x00000000        0x1 MddleLayer/BaseTask.o
 .text          0x00000000        0x0 MddleLayer/DebugHandler.o
 .data          0x00000000        0x0 MddleLayer/DebugHandler.o
 .bss           0x00000000        0x0 MddleLayer/DebugHandler.o
 .text          0x00000000        0x0 MddleLayer/EepromStructure.o
 .data          0x00000000        0x0 MddleLayer/EepromStructure.o
 .bss           0x00000000        0x0 MddleLayer/EepromStructure.o
 .text          0x00000000        0x0 MddleLayer/MaxDisp.o
 .data          0x00000000        0x0 MddleLayer/MaxDisp.o
 .bss           0x00000000        0x0 MddleLayer/MaxDisp.o
 .text          0x00000000        0x0 MddleLayer/NVM_Handler.o
 .data          0x00000000        0x0 MddleLayer/NVM_Handler.o
 .bss           0x00000000        0x0 MddleLayer/NVM_Handler.o
 .text.NVMTask  0x00000000       0xa0 MddleLayer/NVM_Handler.o
 .text.StoreNVM
                0x00000000       0x5a MddleLayer/NVM_Handler.o
 .rodata.str1.1
                0x00000000        0x6 MddleLayer/NVM_Handler.o
 .text.NvmReadSync
                0x00000000       0x54 MddleLayer/NVM_Handler.o
 .bss.NVMProcess
                0x00000000        0x1 MddleLayer/NVM_Handler.o
 .bss.NVMDataArray
                0x00000000        0x8 MddleLayer/NVM_Handler.o
 .data.NVMdat   0x00000000        0x4 MddleLayer/NVM_Handler.o
 .bss.WriteState.1452
                0x00000000        0x1 MddleLayer/NVM_Handler.o
 .debug_info    0x00000000      0x46c MddleLayer/NVM_Handler.o
 .debug_abbrev  0x00000000      0x1b2 MddleLayer/NVM_Handler.o
 .debug_loc     0x00000000      0x1da MddleLayer/NVM_Handler.o
 .debug_aranges
                0x00000000       0x30 MddleLayer/NVM_Handler.o
 .debug_ranges  0x00000000       0x20 MddleLayer/NVM_Handler.o
 .debug_line    0x00000000      0x167 MddleLayer/NVM_Handler.o
 .debug_str     0x00000000      0x223 MddleLayer/NVM_Handler.o
 .comment       0x00000000       0x30 MddleLayer/NVM_Handler.o
 .debug_frame   0x00000000       0x5c MddleLayer/NVM_Handler.o
 COMMON         0x00000000        0x2 MddleLayer/NVM_Handler.o
 .text          0x00000000        0x0 MddleLayer/SignalHandler.o
 .data          0x00000000        0x0 MddleLayer/SignalHandler.o
 .bss           0x00000000        0x0 MddleLayer/SignalHandler.o
 .text          0x00000000        0x0 MddleLayer/UartTransmit.o
 .data          0x00000000        0x0 MddleLayer/UartTransmit.o
 .bss           0x00000000        0x0 MddleLayer/UartTransmit.o
 .text          0x00000000        0x0 OS/EventQ.o
 .data          0x00000000        0x0 OS/EventQ.o
 .bss           0x00000000        0x0 OS/EventQ.o
 .text.queuesize
                0x00000000        0x2 OS/EventQ.o
 .text.enq      0x00000000       0xb8 OS/EventQ.o
 .text.display  0x00000000       0x52 OS/EventQ.o
 .text.deq      0x00000000       0xe8 OS/EventQ.o
 .text.frontelement
                0x00000000       0x20 OS/EventQ.o
 .text.empty    0x00000000        0x2 OS/EventQ.o
 .text.IsEventBuffempty
                0x00000000        0xe OS/EventQ.o
 .bss.temp      0x00000000        0x2 OS/EventQ.o
 .bss.front1    0x00000000        0x2 OS/EventQ.o
 .text          0x00000000        0x0 OS/Events.o
 .data          0x00000000        0x0 OS/Events.o
 .bss           0x00000000        0x0 OS/Events.o
 .text.AddEvent
                0x00000000       0xa0 OS/Events.o
 .text.PrintEvents
                0x00000000       0x2c OS/Events.o
 .text.TakeAnEvent
                0x00000000       0x4c OS/Events.o
 .text.checkNvm
                0x00000000       0x34 OS/Events.o
 .text.checkEvent
                0x00000000       0x12 OS/Events.o
 .text.GetCurrentEvent
                0x00000000        0x6 OS/Events.o
 .bss.nvmcount.1648
                0x00000000        0x1 OS/Events.o
 .data.dumy     0x00000000        0x1 OS/Events.o
 .bss.Prvious   0x00000000        0x2 OS/Events.o
 .bss.Head      0x00000000        0x2 OS/Events.o
 .debug_info    0x00000000      0x3c8 OS/Events.o
 .debug_abbrev  0x00000000      0x210 OS/Events.o
 .debug_loc     0x00000000      0x1fd OS/Events.o
 .debug_aranges
                0x00000000       0x48 OS/Events.o
 .debug_ranges  0x00000000       0x38 OS/Events.o
 .debug_line    0x00000000      0x23c OS/Events.o
 .debug_str     0x00000000      0x28a OS/Events.o
 .comment       0x00000000       0x31 OS/Events.o
 .debug_frame   0x00000000       0xa0 OS/Events.o
 COMMON         0x00000000        0x8 OS/Events.o
 .text          0x00000000        0x0 OS/GccApplication1.o
 .data          0x00000000        0x0 OS/GccApplication1.o
 .bss           0x00000000        0x0 OS/GccApplication1.o
 .text.delayms  0x00000000       0x16 OS/GccApplication1.o
 .data.pin_timeout
                0x00000000        0x1 OS/GccApplication1.o
 .bss.lasttestev
                0x00000000        0x2 OS/GccApplication1.o
 .bss.testev    0x00000000        0x2 OS/GccApplication1.o
 .text          0x00000000        0x0 OS/OSRR.o
 .data          0x00000000        0x0 OS/OSRR.o
 .bss           0x00000000        0x0 OS/OSRR.o
 .text.OSRR_Events
                0x00000000       0x58 OS/OSRR.o
 .text          0x00000000        0x0 OS/Task.o
 .data          0x00000000        0x0 OS/Task.o
 .bss           0x00000000        0x0 OS/Task.o
 .text.task6Open
                0x00000000        0x2 OS/Task.o
 .bss.TIME      0x00000000        0x2 OS/Task.o
 .text          0x00000000        0x0 OS/Taskadd.o
 .data          0x00000000        0x0 OS/Taskadd.o
 .bss           0x00000000        0x0 OS/Taskadd.o
 .text.CallEvents
                0x00000000       0x76 OS/Taskadd.o
 .data.EventFunc
                0x00000000        0x3 OS/Taskadd.o
 .data.EventState
                0x00000000        0x2 OS/Taskadd.o
 .bss.currenteventstate.2008
                0x00000000        0x1 OS/Taskadd.o
 COMMON         0x00000000        0x2 OS/Taskadd.o
 .text          0x00000000        0x0 RTE ASW/Rte_ASW.o
 .data          0x00000000        0x0 RTE ASW/Rte_ASW.o
 .bss           0x00000000        0x0 RTE ASW/Rte_ASW.o
 .text.RTE_ModuleReadPulse
                0x00000000        0x6 RTE ASW/Rte_ASW.o
 .text          0x00000000        0x0 RTE Base/RTE_BSW.o
 .data          0x00000000        0x0 RTE Base/RTE_BSW.o
 .bss           0x00000000        0x0 RTE Base/RTE_BSW.o
 .text.Rte_BaseWritePingEchoData
                0x00000000       0x18 RTE Base/RTE_BSW.o
 .bss.Start     0x00000000        0x1 RTE Base/RTE_BSW.o
 .bss.Status    0x00000000        0x1 RTE Base/RTE_BSW.o
 .text          0x00000000        0x0 RTE Base/Rte_Uart.o
 .data          0x00000000        0x0 RTE Base/Rte_Uart.o
 .bss           0x00000000        0x0 RTE Base/Rte_Uart.o
 .text.Rte_Uart_ReadBuffer
                0x00000000       0x18 RTE Base/Rte_Uart.o
 .text.Rte_Uart_WriteOUT_StringOUTBuffer
                0x00000000        0x8 RTE Base/Rte_Uart.o
 .text.Rte_Uart_ReadIn_StringOUTBuffer
                0x00000000        0x2 RTE Base/Rte_Uart.o
 .text.Rte_Uart_WriteBufferState
                0x00000000        0x2 RTE Base/Rte_Uart.o
 .debug_info    0x00000000      0x2d1 RTE Base/Rte_Uart.o
 .debug_abbrev  0x00000000      0x16d RTE Base/Rte_Uart.o
 .debug_loc     0x00000000       0x26 RTE Base/Rte_Uart.o
 .debug_aranges
                0x00000000       0x38 RTE Base/Rte_Uart.o
 .debug_ranges  0x00000000       0x28 RTE Base/Rte_Uart.o
 .debug_line    0x00000000      0x194 RTE Base/Rte_Uart.o
 .debug_str     0x00000000      0x240 RTE Base/Rte_Uart.o
 .comment       0x00000000       0x30 RTE Base/Rte_Uart.o
 .debug_frame   0x00000000       0x54 RTE Base/Rte_Uart.o
 .text          0x00000000        0x0 RTE Middle/RTE_MiddleLayer.o
 .data          0x00000000        0x0 RTE Middle/RTE_MiddleLayer.o
 .bss           0x00000000        0x0 RTE Middle/RTE_MiddleLayer.o
 .text.Rte_Base2AswLayerPingEchoConnector
                0x00000000        0x6 RTE Middle/RTE_MiddleLayer.o
 .text          0x00000000        0x0 c:/program files (x86)/atmel/studio/7.0/toolchain/avr8/avr8-gnu-toolchain/bin/../lib/gcc/avr/5.4.0/avr5\libgcc.a(_divmodhi4.o)
 .data          0x00000000        0x0 c:/program files (x86)/atmel/studio/7.0/toolchain/avr8/avr8-gnu-toolchain/bin/../lib/gcc/avr/5.4.0/avr5\libgcc.a(_divmodhi4.o)
 .bss           0x00000000        0x0 c:/program files (x86)/atmel/studio/7.0/toolchain/avr8/avr8-gnu-toolchain/bin/../lib/gcc/avr/5.4.0/avr5\libgcc.a(_divmodhi4.o)
 .text.libgcc.mul
                0x00000000        0x0 c:/program files (x86)/atmel/studio/7.0/toolchain/avr8/avr8-gnu-toolchain/bin/../lib/gcc/avr/5.4.0/avr5\libgcc.a(_divmodhi4.o)
 .text.libgcc   0x00000000        0x0 c:/program files (x86)/atmel/studio/7.0/toolchain/avr8/avr8-gnu-toolchain/bin/../lib/gcc/avr/5.4.0/avr5\libgcc.a(_divmodhi4.o)
 .text.libgcc.prologue
                0x00000000        0x0 c:/program files (x86)/atmel/studio/7.0/toolchain/avr8/avr8-gnu-toolchain/bin/../lib/gcc/avr/5.4.0/avr5\libgcc.a(_divmodhi4.o)
 .text.libgcc.builtins
                0x00000000        0x0 c:/program files (x86)/atmel/studio/7.0/toolchain/avr8/avr8-gnu-toolchain/bin/../lib/gcc/avr/5.4.0/avr5\libgcc.a(_divmodhi4.o)
 .text.libgcc.fmul
                0x00000000        0x0 c:/program files (x86)/atmel/studio/7.0/toolchain/avr8/avr8-gnu-toolchain/bin/../lib/gcc/avr/5.4.0/avr5\libgcc.a(_divmodhi4.o)
 .text.libgcc.fixed
                0x00000000        0x0 c:/program files (x86)/atmel/studio/7.0/toolchain/avr8/avr8-gnu-toolchain/bin/../lib/gcc/avr/5.4.0/avr5\libgcc.a(_divmodhi4.o)
 .text          0x00000000        0x0 c:/program files (x86)/atmel/studio/7.0/toolchain/avr8/avr8-gnu-toolchain/bin/../lib/gcc/avr/5.4.0/avr5\libgcc.a(_exit.o)
 .data          0x00000000        0x0 c:/program files (x86)/atmel/studio/7.0/toolchain/avr8/avr8-gnu-toolchain/bin/../lib/gcc/avr/5.4.0/avr5\libgcc.a(_exit.o)
 .bss           0x00000000        0x0 c:/program files (x86)/atmel/studio/7.0/toolchain/avr8/avr8-gnu-toolchain/bin/../lib/gcc/avr/5.4.0/avr5\libgcc.a(_exit.o)
 .text.libgcc.mul
                0x00000000        0x0 c:/program files (x86)/atmel/studio/7.0/toolchain/avr8/avr8-gnu-toolchain/bin/../lib/gcc/avr/5.4.0/avr5\libgcc.a(_exit.o)
 .text.libgcc.div
                0x00000000        0x0 c:/program files (x86)/atmel/studio/7.0/toolchain/avr8/avr8-gnu-toolchain/bin/../lib/gcc/avr/5.4.0/avr5\libgcc.a(_exit.o)
 .text.libgcc   0x00000000        0x0 c:/program files (x86)/atmel/studio/7.0/toolchain/avr8/avr8-gnu-toolchain/bin/../lib/gcc/avr/5.4.0/avr5\libgcc.a(_exit.o)
 .text.libgcc.prologue
                0x00000000        0x0 c:/program files (x86)/atmel/studio/7.0/toolchain/avr8/avr8-gnu-toolchain/bin/../lib/gcc/avr/5.4.0/avr5\libgcc.a(_exit.o)
 .text.libgcc.builtins
                0x00000000        0x0 c:/program files (x86)/atmel/studio/7.0/toolchain/avr8/avr8-gnu-toolchain/bin/../lib/gcc/avr/5.4.0/avr5\libgcc.a(_exit.o)
 .text.libgcc.fmul
                0x00000000        0x0 c:/program files (x86)/atmel/studio/7.0/toolchain/avr8/avr8-gnu-toolchain/bin/../lib/gcc/avr/5.4.0/avr5\libgcc.a(_exit.o)
 .text.libgcc.fixed
                0x00000000        0x0 c:/program files (x86)/atmel/studio/7.0/toolchain/avr8/avr8-gnu-toolchain/bin/../lib/gcc/avr/5.4.0/avr5\libgcc.a(_exit.o)
 .text          0x00000000        0x0 c:/program files (x86)/atmel/studio/7.0/toolchain/avr8/avr8-gnu-toolchain/bin/../lib/gcc/avr/5.4.0/avr5\libgcc.a(_copy_data.o)
 .data          0x00000000        0x0 c:/program files (x86)/atmel/studio/7.0/toolchain/avr8/avr8-gnu-toolchain/bin/../lib/gcc/avr/5.4.0/avr5\libgcc.a(_copy_data.o)
 .bss           0x00000000        0x0 c:/program files (x86)/atmel/studio/7.0/toolchain/avr8/avr8-gnu-toolchain/bin/../lib/gcc/avr/5.4.0/avr5\libgcc.a(_copy_data.o)
 .text.libgcc.mul
                0x00000000        0x0 c:/program files (x86)/atmel/studio/7.0/toolchain/avr8/avr8-gnu-toolchain/bin/../lib/gcc/avr/5.4.0/avr5\libgcc.a(_copy_data.o)
 .text.libgcc.div
                0x00000000        0x0 c:/program files (x86)/atmel/studio/7.0/toolchain/avr8/avr8-gnu-toolchain/bin/../lib/gcc/avr/5.4.0/avr5\libgcc.a(_copy_data.o)
 .text.libgcc   0x00000000        0x0 c:/program files (x86)/atmel/studio/7.0/toolchain/avr8/avr8-gnu-toolchain/bin/../lib/gcc/avr/5.4.0/avr5\libgcc.a(_copy_data.o)
 .text.libgcc.prologue
                0x00000000        0x0 c:/program files (x86)/atmel/studio/7.0/toolchain/avr8/avr8-gnu-toolchain/bin/../lib/gcc/avr/5.4.0/avr5\libgcc.a(_copy_data.o)
 .text.libgcc.builtins
                0x00000000        0x0 c:/program files (x86)/atmel/studio/7.0/toolchain/avr8/avr8-gnu-toolchain/bin/../lib/gcc/avr/5.4.0/avr5\libgcc.a(_copy_data.o)
 .text.libgcc.fmul
                0x00000000        0x0 c:/program files (x86)/atmel/studio/7.0/toolchain/avr8/avr8-gnu-toolchain/bin/../lib/gcc/avr/5.4.0/avr5\libgcc.a(_copy_data.o)
 .text.libgcc.fixed
                0x00000000        0x0 c:/program files (x86)/atmel/studio/7.0/toolchain/avr8/avr8-gnu-toolchain/bin/../lib/gcc/avr/5.4.0/avr5\libgcc.a(_copy_data.o)
 .text          0x00000000        0x0 c:/program files (x86)/atmel/studio/7.0/toolchain/avr8/avr8-gnu-toolchain/bin/../lib/gcc/avr/5.4.0/avr5\libgcc.a(_clear_bss.o)
 .data          0x00000000        0x0 c:/program files (x86)/atmel/studio/7.0/toolchain/avr8/avr8-gnu-toolchain/bin/../lib/gcc/avr/5.4.0/avr5\libgcc.a(_clear_bss.o)
 .bss           0x00000000        0x0 c:/program files (x86)/atmel/studio/7.0/toolchain/avr8/avr8-gnu-toolchain/bin/../lib/gcc/avr/5.4.0/avr5\libgcc.a(_clear_bss.o)
 .text.libgcc.mul
                0x00000000        0x0 c:/program files (x86)/atmel/studio/7.0/toolchain/avr8/avr8-gnu-toolchain/bin/../lib/gcc/avr/5.4.0/avr5\libgcc.a(_clear_bss.o)
 .text.libgcc.div
                0x00000000        0x0 c:/program files (x86)/atmel/studio/7.0/toolchain/avr8/avr8-gnu-toolchain/bin/../lib/gcc/avr/5.4.0/avr5\libgcc.a(_clear_bss.o)
 .text.libgcc   0x00000000        0x0 c:/program files (x86)/atmel/studio/7.0/toolchain/avr8/avr8-gnu-toolchain/bin/../lib/gcc/avr/5.4.0/avr5\libgcc.a(_clear_bss.o)
 .text.libgcc.prologue
                0x00000000        0x0 c:/program files (x86)/atmel/studio/7.0/toolchain/avr8/avr8-gnu-toolchain/bin/../lib/gcc/avr/5.4.0/avr5\libgcc.a(_clear_bss.o)
 .text.libgcc.builtins
                0x00000000        0x0 c:/program files (x86)/atmel/studio/7.0/toolchain/avr8/avr8-gnu-toolchain/bin/../lib/gcc/avr/5.4.0/avr5\libgcc.a(_clear_bss.o)
 .text.libgcc.fmul
                0x00000000        0x0 c:/program files (x86)/atmel/studio/7.0/toolchain/avr8/avr8-gnu-toolchain/bin/../lib/gcc/avr/5.4.0/avr5\libgcc.a(_clear_bss.o)
 .text.libgcc.fixed
                0x00000000        0x0 c:/program files (x86)/atmel/studio/7.0/toolchain/avr8/avr8-gnu-toolchain/bin/../lib/gcc/avr/5.4.0/avr5\libgcc.a(_clear_bss.o)
 .text          0x00000000        0x0 c:/program files (x86)/atmel/studio/7.0/toolchain/avr8/avr8-gnu-toolchain/bin/../lib/gcc/avr/5.4.0/avr5\libgcc.a(_umulhisi3.o)
 .data          0x00000000        0x0 c:/program files (x86)/atmel/studio/7.0/toolchain/avr8/avr8-gnu-toolchain/bin/../lib/gcc/avr/5.4.0/avr5\libgcc.a(_umulhisi3.o)
 .bss           0x00000000        0x0 c:/program files (x86)/atmel/studio/7.0/toolchain/avr8/avr8-gnu-toolchain/bin/../lib/gcc/avr/5.4.0/avr5\libgcc.a(_umulhisi3.o)
 .text.libgcc.div
                0x00000000        0x0 c:/program files (x86)/atmel/studio/7.0/toolchain/avr8/avr8-gnu-toolchain/bin/../lib/gcc/avr/5.4.0/avr5\libgcc.a(_umulhisi3.o)
 .text.libgcc   0x00000000        0x0 c:/program files (x86)/atmel/studio/7.0/toolchain/avr8/avr8-gnu-toolchain/bin/../lib/gcc/avr/5.4.0/avr5\libgcc.a(_umulhisi3.o)
 .text.libgcc.prologue
                0x00000000        0x0 c:/program files (x86)/atmel/studio/7.0/toolchain/avr8/avr8-gnu-toolchain/bin/../lib/gcc/avr/5.4.0/avr5\libgcc.a(_umulhisi3.o)
 .text.libgcc.builtins
                0x00000000        0x0 c:/program files (x86)/atmel/studio/7.0/toolchain/avr8/avr8-gnu-toolchain/bin/../lib/gcc/avr/5.4.0/avr5\libgcc.a(_umulhisi3.o)
 .text.libgcc.fmul
                0x00000000        0x0 c:/program files (x86)/atmel/studio/7.0/toolchain/avr8/avr8-gnu-toolchain/bin/../lib/gcc/avr/5.4.0/avr5\libgcc.a(_umulhisi3.o)
 .text.libgcc.fixed
                0x00000000        0x0 c:/program files (x86)/atmel/studio/7.0/toolchain/avr8/avr8-gnu-toolchain/bin/../lib/gcc/avr/5.4.0/avr5\libgcc.a(_umulhisi3.o)
 .text          0x00000000        0x0 c:/program files (x86)/atmel/studio/7.0/toolchain/avr8/avr8-gnu-toolchain/bin/../lib/gcc/avr/5.4.0/avr5\libgcc.a(_udivmodhi4.o)
 .data          0x00000000        0x0 c:/program files (x86)/atmel/studio/7.0/toolchain/avr8/avr8-gnu-toolchain/bin/../lib/gcc/avr/5.4.0/avr5\libgcc.a(_udivmodhi4.o)
 .bss           0x00000000        0x0 c:/program files (x86)/atmel/studio/7.0/toolchain/avr8/avr8-gnu-toolchain/bin/../lib/gcc/avr/5.4.0/avr5\libgcc.a(_udivmodhi4.o)
 .text.libgcc.mul
                0x00000000        0x0 c:/program files (x86)/atmel/studio/7.0/toolchain/avr8/avr8-gnu-toolchain/bin/../lib/gcc/avr/5.4.0/avr5\libgcc.a(_udivmodhi4.o)
 .text.libgcc   0x00000000        0x0 c:/program files (x86)/atmel/studio/7.0/toolchain/avr8/avr8-gnu-toolchain/bin/../lib/gcc/avr/5.4.0/avr5\libgcc.a(_udivmodhi4.o)
 .text.libgcc.prologue
                0x00000000        0x0 c:/program files (x86)/atmel/studio/7.0/toolchain/avr8/avr8-gnu-toolchain/bin/../lib/gcc/avr/5.4.0/avr5\libgcc.a(_udivmodhi4.o)
 .text.libgcc.builtins
                0x00000000        0x0 c:/program files (x86)/atmel/studio/7.0/toolchain/avr8/avr8-gnu-toolchain/bin/../lib/gcc/avr/5.4.0/avr5\libgcc.a(_udivmodhi4.o)
 .text.libgcc.fmul
                0x00000000        0x0 c:/program files (x86)/atmel/studio/7.0/toolchain/avr8/avr8-gnu-toolchain/bin/../lib/gcc/avr/5.4.0/avr5\libgcc.a(_udivmodhi4.o)
 .text.libgcc.fixed
                0x00000000        0x0 c:/program files (x86)/atmel/studio/7.0/toolchain/avr8/avr8-gnu-toolchain/bin/../lib/gcc/avr/5.4.0/avr5\libgcc.a(_udivmodhi4.o)
 .text          0x00000000        0x0 c:/program files (x86)/atmel/studio/7.0/toolchain/avr8/avr8-gnu-toolchain/bin/../lib/gcc/avr/5.4.0/../../../../avr/lib/avr5\libc.a(malloc.o)
 .data          0x00000000        0x6 c:/program files (x86)/atmel/studio/7.0/toolchain/avr8/avr8-gnu-toolchain/bin/../lib/gcc/avr/5.4.0/../../../../avr/lib/avr5\libc.a(malloc.o)
 .bss           0x00000000        0x0 c:/program files (x86)/atmel/studio/7.0/toolchain/avr8/avr8-gnu-toolchain/bin/../lib/gcc/avr/5.4.0/../../../../avr/lib/avr5\libc.a(malloc.o)
 .text.avr-libc
                0x00000000      0x242 c:/program files (x86)/atmel/studio/7.0/toolchain/avr8/avr8-gnu-toolchain/bin/../lib/gcc/avr/5.4.0/../../../../avr/lib/avr5\libc.a(malloc.o)
 .comment       0x00000000       0x31 c:/program files (x86)/atmel/studio/7.0/toolchain/avr8/avr8-gnu-toolchain/bin/../lib/gcc/avr/5.4.0/../../../../avr/lib/avr5\libc.a(malloc.o)
 COMMON         0x00000000        0x4 c:/program files (x86)/atmel/studio/7.0/toolchain/avr8/avr8-gnu-toolchain/bin/../lib/gcc/avr/5.4.0/../../../../avr/lib/avr5\libc.a(malloc.o)
 .text          0x00000000        0x0 c:/program files (x86)/atmel/studio/7.0/toolchain/avr8/avr8-gnu-toolchain/bin/../lib/gcc/avr/5.4.0/../../../../avr/lib/avr5\libc.a(strcmp.o)
 .data          0x00000000        0x0 c:/program files (x86)/atmel/studio/7.0/toolchain/avr8/avr8-gnu-toolchain/bin/../lib/gcc/avr/5.4.0/../../../../avr/lib/avr5\libc.a(strcmp.o)
 .bss           0x00000000        0x0 c:/program files (x86)/atmel/studio/7.0/toolchain/avr8/avr8-gnu-toolchain/bin/../lib/gcc/avr/5.4.0/../../../../avr/lib/avr5\libc.a(strcmp.o)

Memory Configuration

Name             Origin             Length             Attributes
text             0x00000000         0x00020000         xr
data             0x00800060         0x0000ffa0         rw !x
eeprom           0x00810000         0x00010000         rw !x
fuse             0x00820000         0x00000003         rw !x
lock             0x00830000         0x00000400         rw !x
signature        0x00840000         0x00000400         rw !x
user_signatures  0x00850000         0x00000400         rw !x
*default*        0x00000000         0xffffffff

Linker script and memory map

Address of section .data set to 0x800100
LOAD C:/Program Files (x86)/Atmel/Studio/7.0/Packs/atmel/ATmega_DFP/1.2.150/gcc/dev/atmega328p/avr5/crtatmega328p.o
LOAD ASW/BlinkCode.o
LOAD ASW/ESP8266.o
LOAD ASW/Routines.o
LOAD ASW/StringOp.o
LOAD ASW/UartHandler.o
LOAD BaseLayer/ADC.o
LOAD BaseLayer/BaseTasks.o
LOAD BaseLayer/CircularQueue.o
LOAD BaseLayer/ExtInterrupt.o
LOAD BaseLayer/I2C.o
LOAD BaseLayer/NVM.o
LOAD BaseLayer/pinout.o
LOAD BaseLayer/SPI.o
LOAD BaseLayer/Timer2.o
LOAD BaseLayer/UART.o
LOAD MddleLayer/ADCread.o
LOAD MddleLayer/ADCTop.o
LOAD MddleLayer/BaseTask.o
LOAD MddleLayer/DebugHandler.o
LOAD MddleLayer/EepromStructure.o
LOAD MddleLayer/MaxDisp.o
LOAD MddleLayer/NVM_Handler.o
LOAD MddleLayer/SignalHandler.o
LOAD MddleLayer/UartTransmit.o
LOAD OS/EventQ.o
LOAD OS/Events.o
LOAD OS/GccApplication1.o
LOAD OS/OSRR.o
LOAD OS/Task.o
LOAD OS/Taskadd.o
LOAD RTE ASW/Rte_ASW.o
LOAD RTE Base/RTE_BSW.o
LOAD RTE Base/Rte_Uart.o
LOAD RTE Middle/RTE_MiddleLayer.o
START GROUP
LOAD c:/program files (x86)/atmel/studio/7.0/toolchain/avr8/avr8-gnu-toolchain/bin/../lib/gcc/avr/5.4.0/../../../../avr/lib/avr5\libm.a
END GROUP
START GROUP
LOAD c:/program files (x86)/atmel/studio/7.0/toolchain/avr8/avr8-gnu-toolchain/bin/../lib/gcc/avr/5.4.0/avr5\libgcc.a
LOAD c:/program files (x86)/atmel/studio/7.0/toolchain/avr8/avr8-gnu-toolchain/bin/../lib/gcc/avr/5.4.0/../../../../avr/lib/avr5\libm.a
LOAD c:/program files (x86)/atmel/studio/7.0/toolchain/avr8/avr8-gnu-toolchain/bin/../lib/gcc/avr/5.4.0/../../../../avr/lib/avr5\libc.a
LOAD C:/Program Files (x86)/Atmel/Studio/7.0/Packs/atmel/ATmega_DFP/1.2.150/gcc/dev/atmega328p/avr5\libatmega328p.a
END GROUP
                0x00020000                __TEXT_REGION_LENGTH__ = DEFINED (__TEXT_REGION_LENGTH__)?__TEXT_REGION_LENGTH__:0x20000
                0x0000ffa0                __DATA_REGION_LENGTH__ = DEFINED (__DATA_REGION_LENGTH__)?__DATA_REGION_LENGTH__:0xffa0
                0x00010000                __EEPROM_REGION_LENGTH__ = DEFINED (__EEPROM_REGION_LENGTH__)?__EEPROM_REGION_LENGTH__:0x10000
                [0x00000003]                __FUSE_REGION_LENGTH__ = DEFINED (__FUSE_REGION_LENGTH__)?__FUSE_REGION_LENGTH__:0x400
                0x00000400                __LOCK_REGION_LENGTH__ = DEFINED (__LOCK_REGION_LENGTH__)?__LOCK_REGION_LENGTH__:0x400
                0x00000400                __SIGNATURE_REGION_LENGTH__ = DEFINED (__SIGNATURE_REGION_LENGTH__)?__SIGNATURE_REGION_LENGTH__:0x400
                0x00000400                __USER_SIGNATURE_REGION_LENGTH__ = DEFINED (__USER_SIGNATURE_REGION_LENGTH__)?__USER_SIGNATURE_REGION_LENGTH__:0x400

.hash
 *(.hash)

.dynsym
 *(.dynsym)

.dynstr
 *(.dynstr)

.gnu.version
 *(.gnu.version)

.gnu.version_d
 *(.gnu.version_d)

.gnu.version_r
 *(.gnu.version_r)

.rel.init
 *(.rel.init)

.rela.init
 *(.rela.init)

.rel.text
 *(.rel.text)
 *(.rel.text.*)
 *(.rel.gnu.linkonce.t*)

.rela.text
 *(.rela.text)
 *(.rela.text.*)
 *(.rela.gnu.linkonce.t*)

.rel.fini
 *(.rel.fini)

.rela.fini
 *(.rela.fini)

.rel.rodata
 *(.rel.rodata)
 *(.rel.rodata.*)
 *(.rel.gnu.linkonce.r*)

.rela.rodata
 *(.rela.rodata)
 *(.rela.rodata.*)
 *(.rela.gnu.linkonce.r*)

.rel.data
 *(.rel.data)
 *(.rel.data.*)
 *(.rel.gnu.linkonce.d*)

.rela.data
 *(.rela.data)
 *(.rela.data.*)
 *(.rela.gnu.linkonce.d*)

.rel.ctors
 *(.rel.ctors)

.rela.ctors
 *(.rela.ctors)

.rel.dtors
 *(.rel.dtors)

.rela.dtors
 *(.rela.dtors)

.rel.got
 *(.rel.got)

.rela.got
 *(.rela.got)

.rel.bss
 *(.rel.bss)

.rela.bss
 *(.rela.bss)

.rel.plt
 *(.rel.plt)

.rela.plt
 *(.rela.plt)

.text           0x00000000     0x2bd0
 *(.vectors)
 .vectors       0x00000000       0x68 C:/Program Files (x86)/Atmel/Studio/7.0/Packs/atmel/ATmega_DFP/1.2.150/gcc/dev/atmega328p/avr5/crtatmega328p.o
                0x00000000                __vector_default
                0x00000000                __vectors
 *(.vectors)
 *(.progmem.gcc*)
                0x00000068                . = ALIGN (0x2)
                0x00000068                __trampolines_start = .
 *(.trampolines)
 .trampolines   0x00000068        0x0 linker stubs
 *(.trampolines*)
                0x00000068                __trampolines_end = .
 *libprintf_flt.a:*(.progmem.data)
 *libc.a:*(.progmem.data)
 *(.progmem*)
 .progmem.data.PIN
                0x00000068        0x6 BaseLayer/pinout.o
                0x00000068                PIN
 .progmem.data.DDR
                0x0000006e        0x6 BaseLayer/pinout.o
                0x0000006e                DDR
 .progmem.data.Port
                0x00000074        0x6 BaseLayer/pinout.o
                0x00000074                Port
                0x0000007a                . = ALIGN (0x2)
 *(.jumptables)
 *(.jumptables*)
 *(.lowtext)
 *(.lowtext*)
                0x0000007a                __ctors_start = .
 *(.ctors)
                0x0000007a                __ctors_end = .
                0x0000007a                __dtors_start = .
 *(.dtors)
                0x0000007a                __dtors_end = .
 SORT(*)(.ctors)
 SORT(*)(.dtors)
 *(.init0)
 .init0         0x0000007a        0x0 C:/Program Files (x86)/Atmel/Studio/7.0/Packs/atmel/ATmega_DFP/1.2.150/gcc/dev/atmega328p/avr5/crtatmega328p.o
                0x0000007a                __init
 *(.init0)
 *(.init1)
 *(.init1)
 *(.init2)
 .init2         0x0000007a        0xc C:/Program Files (x86)/Atmel/Studio/7.0/Packs/atmel/ATmega_DFP/1.2.150/gcc/dev/atmega328p/avr5/crtatmega328p.o
 *(.init2)
 *(.init3)
 *(.init3)
 *(.init4)
 .init4         0x00000086       0x16 c:/program files (x86)/atmel/studio/7.0/toolchain/avr8/avr8-gnu-toolchain/bin/../lib/gcc/avr/5.4.0/avr5\libgcc.a(_copy_data.o)
                0x00000086                __do_copy_data
 .init4         0x0000009c       0x10 c:/program files (x86)/atmel/studio/7.0/toolchain/avr8/avr8-gnu-toolchain/bin/../lib/gcc/avr/5.4.0/avr5\libgcc.a(_clear_bss.o)
                0x0000009c                __do_clear_bss
 *(.init4)
 *(.init5)
 *(.init5)
 *(.init6)
 *(.init6)
 *(.init7)
 *(.init7)
 *(.init8)
 *(.init8)
 *(.init9)
 .init9         0x000000ac        0x8 C:/Program Files (x86)/Atmel/Studio/7.0/Packs/atmel/ATmega_DFP/1.2.150/gcc/dev/atmega328p/avr5/crtatmega328p.o
 *(.init9)
 *(.text)
 .text          0x000000b4        0x4 C:/Program Files (x86)/Atmel/Studio/7.0/Packs/atmel/ATmega_DFP/1.2.150/gcc/dev/atmega328p/avr5/crtatmega328p.o
                0x000000b4                __vector_24
                0x000000b4                __vector_12
                0x000000b4                __bad_interrupt
                0x000000b4                __vector_6
                0x000000b4                __vector_3
                0x000000b4                __vector_23
                0x000000b4                __vector_25
                0x000000b4                __vector_11
                0x000000b4                __vector_13
                0x000000b4                __vector_17
                0x000000b4                __vector_19
                0x000000b4                __vector_7
                0x000000b4                __vector_5
                0x000000b4                __vector_4
                0x000000b4                __vector_2
                0x000000b4                __vector_15
                0x000000b4                __vector_8
                0x000000b4                __vector_14
                0x000000b4                __vector_10
                0x000000b4                __vector_20
                0x000000b8                . = ALIGN (0x2)
 *(.text.*)
 .text.SetBlink
                0x000000b8       0x46 ASW/BlinkCode.o
                0x000000b8                SetBlink
 .text.Blink    0x000000fe       0x64 ASW/BlinkCode.o
                0x000000fe                Blink
 .text.ESPreadvalue
                0x00000162      0x132 ASW/ESP8266.o
                0x00000162                ESPreadvalue
 .text.ESP_Init
                0x00000294       0x40 ASW/ESP8266.o
                0x00000294                ESP_Init
 .text.CipSend  0x000002d4       0xac ASW/ESP8266.o
                0x000002d4                CipSend
 .text.WifiDisconnectCheck
                0x00000380       0x18 ASW/ESP8266.o
                0x00000380                WifiDisconnectCheck
 .text.EspGlobalCounter
                0x00000398       0x2e ASW/ESP8266.o
                0x00000398                EspGlobalCounter
 .text.CommandSend
                0x000003c6       0xee ASW/ESP8266.o
                0x000003c6                CommandSend
 .text.ESPAsServer
                0x000004b4       0x98 ASW/ESP8266.o
                0x000004b4                ESPAsServer
 .text.findpos  0x0000054c       0x32 ASW/ESP8266.o
                0x0000054c                findpos
 .text.PortCopy
                0x0000057e       0x38 ASW/ESP8266.o
                0x0000057e                PortCopy
 .text.SendData
                0x000005b6       0x10 ASW/ESP8266.o
                0x000005b6                SendData
 .text.ConnectCommand
                0x000005c6       0x18 ASW/ESP8266.o
                0x000005c6                ConnectCommand
 .text.CheckInput
                0x000005de       0xbe ASW/ESP8266.o
                0x000005de                CheckInput
 .text.RequestWait
                0x0000069c       0x50 ASW/ESP8266.o
                0x0000069c                RequestWait
 .text.enable   0x000006ec        0x6 ASW/ESP8266.o
                0x000006ec                enable
 .text.checkRecievedData
                0x000006f2       0x4a ASW/ESP8266.o
                0x000006f2                checkRecievedData
 .text.ESPpop   0x0000073c       0x2e ASW/ESP8266.o
                0x0000073c                ESPpop
 .text.ESPCallBack
                0x0000076a       0x10 ASW/ESP8266.o
                0x0000076a                ESPCallBack
 .text.UartHandlerInit
                0x0000077a        0x2 ASW/UartHandler.o
                0x0000077a                UartHandlerInit
 .text.adc_init
                0x0000077c       0x22 BaseLayer/ADC.o
                0x0000077c                adc_init
 .text.adc_read
                0x0000079e       0x22 BaseLayer/ADC.o
                0x0000079e                adc_read
 .text.ADC_State
                0x000007c0        0x8 BaseLayer/ADC.o
                0x000007c0                ADC_State
 .text.ADCValue
                0x000007c8       0x22 BaseLayer/ADC.o
                0x000007c8                ADCValue
 .text.__vector_21
                0x000007ea       0x20 BaseLayer/ADC.o
                0x000007ea                __vector_21
 .text.PushIntoCircularBuffer
                0x0000080a       0x2a BaseLayer/CircularQueue.o
                0x0000080a                PushIntoCircularBuffer
 .text.PopFromCircularBuffer
                0x00000834       0x2e BaseLayer/CircularQueue.o
                0x00000834                PopFromCircularBuffer
 .text.IsBuffempty
                0x00000862        0xe BaseLayer/CircularQueue.o
                0x00000862                IsBuffempty
 .text.HeadTailDiff
                0x00000870       0x16 BaseLayer/CircularQueue.o
                0x00000870                HeadTailDiff
 .text.TriggerUltraSonic
                0x00000886       0x28 BaseLayer/ExtInterrupt.o
 .text.changeIntLogic
                0x000008ae       0x1c BaseLayer/ExtInterrupt.o
                0x000008ae                changeIntLogic
 .text.__vector_1
                0x000008ca       0x76 BaseLayer/ExtInterrupt.o
                0x000008ca                __vector_1
 .text.ExtIntInit
                0x00000940       0x16 BaseLayer/ExtInterrupt.o
                0x00000940                ExtIntInit
 .text.InterfacePulse
                0x00000956       0xa6 BaseLayer/ExtInterrupt.o
                0x00000956                InterfacePulse
 .text.i2c_start
                0x000009fc       0x4a BaseLayer/I2C.o
                0x000009fc                i2c_start
 .text.i2c_write
                0x00000a46       0x24 BaseLayer/I2C.o
                0x00000a46                i2c_write
 .text.i2c_stop
                0x00000a6a        0x8 BaseLayer/I2C.o
                0x00000a6a                i2c_stop
 .text.ssd1306_char_font6x8
                0x00000a72       0x50 BaseLayer/I2C.o
                0x00000a72                ssd1306_char_font6x8
 .text.ssd1306_setpos
                0x00000ac2       0x3c BaseLayer/I2C.o
                0x00000ac2                ssd1306_setpos
 .text.ssd1306_String_font6x8
                0x00000afe       0x26 BaseLayer/I2C.o
                0x00000afe                ssd1306_String_font6x8
 .text.ssd1306_Fill_Rectangle
                0x00000b24       0x4c BaseLayer/I2C.o
                0x00000b24                ssd1306_Fill_Rectangle
 .text.SwitchNvmOff
                0x00000b70        0xa BaseLayer/NVM.o
 .text.__vector_22
                0x00000b7a      0x11c BaseLayer/NVM.o
                0x00000b7a                __vector_22
 .text.PinOutConfig
                0x00000c96       0x4e BaseLayer/pinout.o
                0x00000c96                PinOutConfig
 .text.PinOutput
                0x00000ce4       0x4e BaseLayer/pinout.o
                0x00000ce4                PinOutput
 .text.PinValue
                0x00000d32       0x30 BaseLayer/pinout.o
                0x00000d32                PinValue
 .text.spi_init_master
                0x00000d62        0xc BaseLayer/SPI.o
                0x00000d62                spi_init_master
 .text.spi_dataorder
                0x00000d6e       0x10 BaseLayer/SPI.o
                0x00000d6e                spi_dataorder
 .text.spi_clockspeed
                0x00000d7e       0x4c BaseLayer/SPI.o
                0x00000d7e                spi_clockspeed
 .text.spi_clockphase
                0x00000dca        0x8 BaseLayer/SPI.o
                0x00000dca                spi_clockphase
 .text.spi_tranceiver
                0x00000dd2        0xc BaseLayer/SPI.o
                0x00000dd2                spi_tranceiver
 .text.Timer2Enable
                0x00000dde       0x2a BaseLayer/Timer2.o
                0x00000dde                Timer2Enable
 .text.Timer2Disable
                0x00000e08        0xc BaseLayer/Timer2.o
                0x00000e08                Timer2Disable
 .text.Timer2Count
                0x00000e14       0x22 BaseLayer/Timer2.o
                0x00000e14                Timer2Count
 .text.__vector_9
                0x00000e36       0x22 BaseLayer/Timer2.o
                0x00000e36                __vector_9
 .text.ConfigureCallBack
                0x00000e58        0xa BaseLayer/UART.o
                0x00000e58                ConfigureCallBack
 .text.PopInterface
                0x00000e62       0x3a BaseLayer/UART.o
                0x00000e62                PopInterface
 .text.Callhandler
                0x00000e9c       0x12 BaseLayer/UART.o
                0x00000e9c                Callhandler
 .text.uart_init
                0x00000eae       0x2e BaseLayer/UART.o
                0x00000eae                uart_init
 .text.uart_delay
                0x00000edc       0x2c BaseLayer/UART.o
                0x00000edc                uart_delay
 .text.uart_char
                0x00000f08       0x18 BaseLayer/UART.o
                0x00000f08                uart_char
 .text.uart_num
                0x00000f20       0x5a BaseLayer/UART.o
                0x00000f20                uart_num
 .text.uart_string
                0x00000f7a       0x52 BaseLayer/UART.o
                0x00000f7a                uart_string
 .text.__vector_18
                0x00000fcc      0x146 BaseLayer/UART.o
                0x00000fcc                __vector_18
 .text.CheckUartReadyToSend
                0x00001112       0x10 BaseLayer/UART.o
                0x00001112                CheckUartReadyToSend
 .text.SendByte
                0x00001122        0x6 BaseLayer/UART.o
                0x00001122                SendByte
 .text.ReadEveryValueADC
                0x00001128       0xfc MddleLayer/ADCread.o
                0x00001128                ReadEveryValueADC
 .text.GetADC_Value
                0x00001224      0x112 MddleLayer/ADCread.o
                0x00001224                GetADC_Value
 .text.BaseTask1
                0x00001336       0x3e MddleLayer/BaseTask.o
                0x00001336                BaseTask1
 .text.BaseTask1Open
                0x00001374        0x6 MddleLayer/BaseTask.o
                0x00001374                BaseTask1Open
 .text.BaseTask2
                0x0000137a       0x7a MddleLayer/BaseTask.o
                0x0000137a                BaseTask2
 .text.BaseTask2Open
                0x000013f4        0x6 MddleLayer/BaseTask.o
                0x000013f4                BaseTask2Open
 .text.chartohex
                0x000013fa       0x2c MddleLayer/DebugHandler.o
 .text.ReadRambytesNonCnt
                0x00001426       0x8e MddleLayer/DebugHandler.o
                0x00001426                ReadRambytesNonCnt
 .text.ReadRambyte
                0x000014b4       0x6e MddleLayer/DebugHandler.o
                0x000014b4                ReadRambyte
 .text.WriteRambyte
                0x00001522       0xa4 MddleLayer/DebugHandler.o
                0x00001522                WriteRambyte
 .text.DebugHandlerFunc
                0x000015c6      0x26a MddleLayer/DebugHandler.o
                0x000015c6                DebugHandlerFunc
 .text.OutPutVariableRegister
                0x00001830       0x1a MddleLayer/DebugHandler.o
                0x00001830                OutPutVariableRegister
 .text.Nvm_TableInit
                0x0000184a       0x20 MddleLayer/EepromStructure.o
                0x0000184a                Nvm_TableInit
 .text.WriteMax
                0x0000186a       0x2e MddleLayer/MaxDisp.o
                0x0000186a                WriteMax
 .text.InitMax  0x00001898       0xcc MddleLayer/MaxDisp.o
                0x00001898                InitMax
 .text.ScanlimitExpand
                0x00001964       0x28 MddleLayer/MaxDisp.o
                0x00001964                ScanlimitExpand
 .text.DispDigits
                0x0000198c       0x82 MddleLayer/MaxDisp.o
                0x0000198c                DispDigits
 .text.DispChar
                0x00001a0e       0xde MddleLayer/MaxDisp.o
                0x00001a0e                DispChar
 .text.SignalHandlerFunc
                0x00001aec       0x7c MddleLayer/SignalHandler.o
                0x00001aec                SignalHandlerFunc
 .text.DataTransmit
                0x00001b68       0x22 MddleLayer/UartTransmit.o
                0x00001b68                DataTransmit
 .text.FillUartBuffer
                0x00001b8a       0x24 MddleLayer/UartTransmit.o
                0x00001b8a                FillUartBuffer
 .text.FillUartBufferSiglechar
                0x00001bae        0xc MddleLayer/UartTransmit.o
                0x00001bae                FillUartBufferSiglechar
 .text.TransmitBufferEmpty
                0x00001bba       0x1e MddleLayer/UartTransmit.o
                0x00001bba                TransmitBufferEmpty
 .text.create   0x00001bd8       0x12 OS/EventQ.o
                0x00001bd8                create
 .text.countSize
                0x00001bea        0x6 OS/EventQ.o
                0x00001bea                countSize
 .text.PushIntoCircularEventBuffer
                0x00001bf0       0x74 OS/EventQ.o
                0x00001bf0                PushIntoCircularEventBuffer
 .text.PopFromCircularEventBuffer
                0x00001c64       0x4c OS/EventQ.o
                0x00001c64                PopFromCircularEventBuffer
 .text.PushEventInterface
                0x00001cb0       0x46 OS/EventQ.o
                0x00001cb0                PushEventInterface
 .text.PopEventInterface
                0x00001cf6       0x52 OS/EventQ.o
                0x00001cf6                PopEventInterface
 .text.__vector_16
                0x00001d48       0x7e OS/GccApplication1.o
                0x00001d48                __vector_16
 .text.set_timer
                0x00001dc6       0x10 OS/GccApplication1.o
                0x00001dc6                set_timer
 .text.main     0x00001dd6      0x136 OS/GccApplication1.o
                0x00001dd6                main
 .text.callbackSetFunction
                0x00001f0c       0x12 OS/OSRR.o
                0x00001f0c                callbackSetFunction
 .text.callbackgetFunction
                0x00001f1e       0x12 OS/OSRR.o
                0x00001f1e                callbackgetFunction
 .text.num2CharArray
                0x00001f30       0x48 OS/Task.o
 .text.task6    0x00001f78       0xa6 OS/Task.o
                0x00001f78                task6
 .text.task1    0x0000201e      0x2da OS/Task.o
                0x0000201e                task1
 .text.task2    0x000022f8      0x1d4 OS/Task.o
                0x000022f8                task2
 .text.task3    0x000024cc        0xa OS/Task.o
                0x000024cc                task3
 .text.task4    0x000024d6       0x8a OS/Task.o
                0x000024d6                task4
 .text.task5    0x00002560      0x1c4 OS/Task.o
                0x00002560                task5
 .text.task1Open
                0x00002724       0x24 OS/Task.o
                0x00002724                task1Open
 .text.task2Open
                0x00002748       0x24 OS/Task.o
                0x00002748                task2Open
 .text.task3Open
                0x0000276c       0x16 OS/Task.o
                0x0000276c                task3Open
 .text.task4Open
                0x00002782       0x56 OS/Task.o
                0x00002782                task4Open
 .text.task5Open
                0x000027d8       0x74 OS/Task.o
                0x000027d8                task5Open
 .text.HookupTasks
                0x0000284c        0xe OS/Task.o
                0x0000284c                HookupTasks
 .text.NonPeriodicTaskFuncSet
                0x0000285a       0x62 OS/Taskadd.o
                0x0000285a                NonPeriodicTaskFuncSet
 .text.BaseHandler
                0x000028bc       0x24 OS/Taskadd.o
                0x000028bc                BaseHandler
 .text.tasksBase
                0x000028e0      0x108 OS/Taskadd.o
                0x000028e0                tasksBase
 .text.tasks    0x000029e8       0xb8 OS/Taskadd.o
                0x000029e8                tasks
 .text.NonPeriodicTaskFuncCall
                0x00002aa0       0x5c OS/Taskadd.o
                0x00002aa0                NonPeriodicTaskFuncCall
 .text.ApplicationHookUP
                0x00002afc       0x1a OS/Taskadd.o
                0x00002afc                ApplicationHookUP
 .text.RTEModuleFirstCh
                0x00002b16        0x6 RTE ASW/Rte_ASW.o
                0x00002b16                RTEModuleFirstCh
 .text.Rte_Uart_WriteBuffer
                0x00002b1c        0x6 RTE ASW/Rte_ASW.o
                0x00002b1c                Rte_Uart_WriteBuffer
 .text.RTE_BaseWriteCh1Data
                0x00002b22       0x18 RTE Base/RTE_BSW.o
                0x00002b22                RTE_BaseWriteCh1Data
 .text.Rte_BaseWriteUartData
                0x00002b3a        0x6 RTE Base/RTE_BSW.o
                0x00002b3a                Rte_BaseWriteUartData
 .text.Rte_Base2AswLAYERADCReadConnector
                0x00002b40        0x6 RTE Middle/RTE_MiddleLayer.o
                0x00002b40                Rte_Base2AswLAYERADCReadConnector
 .text.Rte_Base2AswLayerUartWriteBuffer
                0x00002b46        0x6 RTE Middle/RTE_MiddleLayer.o
                0x00002b46                Rte_Base2AswLayerUartWriteBuffer
 .text.libgcc.div
                0x00002b4c       0x28 c:/program files (x86)/atmel/studio/7.0/toolchain/avr8/avr8-gnu-toolchain/bin/../lib/gcc/avr/5.4.0/avr5\libgcc.a(_divmodhi4.o)
                0x00002b4c                _div
                0x00002b4c                __divmodhi4
 .text.libgcc.mul
                0x00002b74       0x1e c:/program files (x86)/atmel/studio/7.0/toolchain/avr8/avr8-gnu-toolchain/bin/../lib/gcc/avr/5.4.0/avr5\libgcc.a(_umulhisi3.o)
                0x00002b74                __umulhisi3
 .text.libgcc.div
                0x00002b92       0x28 c:/program files (x86)/atmel/studio/7.0/toolchain/avr8/avr8-gnu-toolchain/bin/../lib/gcc/avr/5.4.0/avr5\libgcc.a(_udivmodhi4.o)
                0x00002b92                __udivmodhi4
 .text.avr-libc
                0x00002bba       0x12 c:/program files (x86)/atmel/studio/7.0/toolchain/avr8/avr8-gnu-toolchain/bin/../lib/gcc/avr/5.4.0/../../../../avr/lib/avr5\libc.a(strcmp.o)
                0x00002bba                strcmp
                0x00002bcc                . = ALIGN (0x2)
 *(.fini9)
 .fini9         0x00002bcc        0x0 c:/program files (x86)/atmel/studio/7.0/toolchain/avr8/avr8-gnu-toolchain/bin/../lib/gcc/avr/5.4.0/avr5\libgcc.a(_exit.o)
                0x00002bcc                _exit
                0x00002bcc                exit
 *(.fini9)
 *(.fini8)
 *(.fini8)
 *(.fini7)
 *(.fini7)
 *(.fini6)
 *(.fini6)
 *(.fini5)
 *(.fini5)
 *(.fini4)
 *(.fini4)
 *(.fini3)
 *(.fini3)
 *(.fini2)
 *(.fini2)
 *(.fini1)
 *(.fini1)
 *(.fini0)
 .fini0         0x00002bcc        0x4 c:/program files (x86)/atmel/studio/7.0/toolchain/avr8/avr8-gnu-toolchain/bin/../lib/gcc/avr/5.4.0/avr5\libgcc.a(_exit.o)
 *(.fini0)
                0x00002bd0                _etext = .

.data           0x00800100      0x250 load address 0x00002bd0
                0x00800100                PROVIDE (__data_start, .)
 *(.data)
 *(.data*)
 .data.Esp_Commands_a
                0x00800100       0x6c ASW/ESP8266.o
                0x00800100                Esp_Commands_a
 .data.ESP_DataRead_a
                0x0080016c        0x6 ASW/ESP8266.o
                0x0080016c                ESP_DataRead_a
 .data.DisConnection_Response1
                0x00800172       0x10 ASW/ESP8266.o
                0x00800172                DisConnection_Response1
 .data.uartDebug
                0x00800182        0x7 ASW/ESP8266.o
                0x00800182                uartDebug
 .data.ResponseSend1
                0x00800189        0x2 ASW/ESP8266.o
                0x00800189                ResponseSend1
 .data.ResponseGET1
                0x0080018b        0x5 ASW/ESP8266.o
                0x0080018b                ResponseGET1
 .data.Response1
                0x00800190        0x3 ASW/ESP8266.o
                0x00800190                Response1
 .data.Close_Channel
                0x00800193       0x10 ASW/ESP8266.o
                0x00800193                Close_Channel
 .data.Connection_Response
                0x008001a3        0x7 ASW/ESP8266.o
                0x008001a3                Connection_Response
 .data.DATA     0x008001aa        0x7 ASW/ESP8266.o
                0x008001aa                DATA
 .data.SEND     0x008001b1        0xc ASW/ESP8266.o
                0x008001b1                SEND
 .data.WIFISET  0x008001bd       0x1f ASW/ESP8266.o
                0x008001bd                WIFISET
 .data.GETIP    0x008001dc        0xb ASW/ESP8266.o
                0x008001dc                GETIP
 .data.SERVER   0x008001e7       0x14 ASW/ESP8266.o
                0x008001e7                SERVER
 .data.MUX      0x008001fb        0xe ASW/ESP8266.o
                0x008001fb                MUX
 .data.Mode     0x00800209        0xe ASW/ESP8266.o
                0x00800209                Mode
 .data.ReturnValue.1816
                0x00800217        0x1 ASW/ESP8266.o
 .data.NVMState
                0x00800218        0x1 BaseLayer/NVM.o
                0x00800218                NVMState
 .data.ClockSpeed1
                0x00800219        0x8 BaseLayer/SPI.o
                0x00800219                ClockSpeed1
 .data.CircularBuffer
                0x00800221        0x5 BaseLayer/UART.o
                0x00800221                CircularBuffer
 .data.channelBuffer_s
                0x00800226       0x12 MddleLayer/ADCread.o
 .data.HexChar  0x00800238       0x10 MddleLayer/DebugHandler.o
                0x00800238                HexChar
 .data.charHex  0x00800248       0x10 MddleLayer/DebugHandler.o
                0x00800248                charHex
 .data.data.1771
                0x00800258        0x1 MddleLayer/UartTransmit.o
 .data.CircularBufferOut
                0x00800259        0x5 MddleLayer/UartTransmit.o
                0x00800259                CircularBufferOut
 .data.CircularBufferEvent
                0x0080025e        0x5 OS/EventQ.o
                0x0080025e                CircularBufferEvent
 .data.odd.1950
                0x00800263        0x1 OS/GccApplication1.o
 .data.Toggle1.2331
                0x00800264        0x1 OS/Task.o
 .data.taskfuncbase
                0x00800265        0xe OS/Taskadd.o
                0x00800265                taskfuncbase
 .data.taskfunc
                0x00800273       0x31 OS/Taskadd.o
                0x00800273                taskfunc
 *(.gnu.linkonce.d*)
 *(.rodata)
 *(.rodata*)
 .rodata.str1.1
                0x008002a4       0x3f ASW/ESP8266.o
 .rodata.ssd1306xled_font6x8
                0x008002e3        0x6 BaseLayer/I2C.o
                0x008002e3                ssd1306xled_font6x8
 .rodata.str1.1
                0x008002e9        0xc BaseLayer/NVM.o
 .rodata.str1.1
                0x008002f5        0x8 OS/GccApplication1.o
 .rodata.str1.1
                0x008002fd       0x52 OS/Task.o
                                 0x54 (size before relaxing)
 *(.gnu.linkonce.r*)
                0x00800350                . = ALIGN (0x2)
 *fill*         0x0080034f        0x1 
                0x00800350                _edata = .
                0x00800350                PROVIDE (__data_end, .)

.bss            0x00800350      0x284
                0x00800350                PROVIDE (__bss_start, .)
 *(.bss)
 *(.bss*)
 .bss.DurationTime
                0x00800350        0x1 ASW/BlinkCode.o
 .bss.BlinkPin  0x00800351        0x1 ASW/BlinkCode.o
 .bss.CurrentBlink
                0x00800352        0x2 ASW/BlinkCode.o
 .bss.Prt       0x00800354        0x1 ASW/BlinkCode.o
 .bss.countBlink.1631
                0x00800355        0x2 ASW/BlinkCode.o
 .bss.BlinkOut.1632
                0x00800357        0x1 ASW/BlinkCode.o
 .bss.Wait      0x00800358        0x1 ASW/ESP8266.o
                0x00800358                Wait
 .bss.Datalog.1773
                0x00800359        0x1 ASW/ESP8266.o
 .bss.k.1774    0x0080035a        0x1 ASW/ESP8266.o
 .bss.EspDataBuffer
                0x0080035b       0x1f ASW/ESP8266.o
 .bss.datagot   0x0080037a        0x1 ASW/ESP8266.o
 .bss.ConnectionFlag.1785
                0x0080037b        0x1 ASW/ESP8266.o
 .bss.counter1  0x0080037c        0x2 ASW/ESP8266.o
 .bss.PortSel   0x0080037e        0x1 ASW/ESP8266.o
 .bss.EspDataCount
                0x0080037f        0x2 ASW/ESP8266.o
 .bss.flag.1806
                0x00800381        0x1 ASW/ESP8266.o
 .bss.index.1805
                0x00800382        0x1 ASW/ESP8266.o
 .bss.RetryCounts.1807
                0x00800383        0x1 ASW/ESP8266.o
 .bss.FlagReq.1813
                0x00800384        0x1 ASW/ESP8266.o
 .bss.indexReq.1812
                0x00800385        0x1 ASW/ESP8266.o
 .bss.BUFFEREnable
                0x00800386        0x1 ASW/ESP8266.o
 .bss.EspPortBuffer
                0x00800387        0xf ASW/ESP8266.o
 .bss.PortLen   0x00800396        0x1 ASW/ESP8266.o
 .bss.PortStart
                0x00800397        0x1 ASW/ESP8266.o
 .bss.PortEnd   0x00800398        0x1 ASW/ESP8266.o
 .bss.Recieved  0x00800399        0xa ASW/ESP8266.o
 .bss.PosByte.1879
                0x008003a3        0x1 ASW/ESP8266.o
 .bss.Start     0x008003a4        0x1 BaseLayer/ExtInterrupt.o
 .bss.Status    0x008003a5        0x1 BaseLayer/ExtInterrupt.o
 .bss.timeout.1762
                0x008003a6        0x1 BaseLayer/ExtInterrupt.o
 .bss.flag.2177
                0x008003a7        0x1 BaseLayer/UART.o
 .bss.ADC_Array
                0x008003a8       0x14 MddleLayer/ADCread.o
 .bss.ChannelSelect
                0x008003bc        0x1 MddleLayer/ADCread.o
 .bss.conversionFlag.1503
                0x008003bd        0x1 MddleLayer/ADCread.o
 .bss.position.1502
                0x008003be        0x1 MddleLayer/ADCread.o
 .bss.bufferpos.1511
                0x008003bf        0x1 MddleLayer/ADCread.o
 .bss.BufferLength
                0x008003c0        0x1 MddleLayer/ADCread.o
 .bss.FreeBuffer.1510
                0x008003c1        0x1 MddleLayer/ADCread.o
 .bss.CountTaskTime.1746
                0x008003c2        0x1 MddleLayer/BaseTask.o
 .bss.previousButtonVal.1756
                0x008003c3        0x1 MddleLayer/BaseTask.o
 .bss.ButtonCount.1755
                0x008003c4        0x1 MddleLayer/BaseTask.o
 .bss.currenButtonvalue.1757
                0x008003c5        0x1 MddleLayer/BaseTask.o
 .bss.SuccessCount.1758
                0x008003c6        0x1 MddleLayer/BaseTask.o
 .bss.Pos.1506  0x008003c7        0xc MddleLayer/DebugHandler.o
 .bss.count.1680
                0x008003d3        0x1 MddleLayer/MaxDisp.o
 .bss.DigitScrollPos.1681
                0x008003d4        0x1 MddleLayer/MaxDisp.o
 .bss.SignalData
                0x008003d5        0xa MddleLayer/SignalHandler.o
 .bss.ESPUartDataOut
                0x008003df       0x64 MddleLayer/UartTransmit.o
 .bss.rear      0x00800443        0x2 OS/EventQ.o
 .bss.front     0x00800445        0x2 OS/EventQ.o
 .bss.count     0x00800447        0x1 OS/EventQ.o
 .bss.TimeCount
                0x00800448        0x1 OS/GccApplication1.o
 .bss.counter5ms.1941
                0x00800449        0x4 OS/GccApplication1.o
 .bss.tracker.2414
                0x0080044d        0x2 OS/Task.o
 .bss.fp.2393   0x0080044f        0x2 OS/Task.o
 .bss.pointersave.2394
                0x00800451        0x2 OS/Task.o
 .bss.CommunicationStates.2392
                0x00800453        0x1 OS/Task.o
 .bss.Tc.2383   0x00800454        0x2 OS/Task.o
 .bss.done.2380
                0x00800456        0x1 OS/Task.o
 .bss.ConnectionLost.2381
                0x00800457        0x1 OS/Task.o
 .bss.countTask4.2371
                0x00800458        0x2 OS/Task.o
 .bss.SWITCHCOUNT.2373
                0x0080045a        0x1 OS/Task.o
 .bss.offset.2429
                0x0080045b        0x2 OS/Task.o
 .bss.value.2427
                0x0080045d        0x2 OS/Task.o
 .bss.Errorcount.2354
                0x0080045f        0x1 OS/Task.o
 .bss.time1.2352
                0x00800460        0x2 OS/Task.o
 .bss.ssdcount.2332
                0x00800462        0x1 OS/Task.o
 .bss.time2.2325
                0x00800463        0x2 OS/Task.o
 .bss.Toggle.2330
                0x00800465        0x1 OS/Task.o
 .bss.COUNT.2326
                0x00800466        0x2 OS/Task.o
 .bss.DownCounter.2328
                0x00800468        0x2 OS/Task.o
 .bss.Upcounter.2327
                0x0080046a        0x2 OS/Task.o
 .bss.Init_Flag.2329
                0x0080046c        0x2 OS/Task.o
 .bss.time1.2324
                0x0080046e        0x2 OS/Task.o
 .bss.EspConnected
                0x00800470        0x1 OS/Task.o
 .bss.TankSize  0x00800471        0x2 OS/Task.o
 .bss.hours     0x00800473        0x4 OS/Task.o
 .bss.f         0x00800477        0x1 OS/Task.o
 .bss.quality   0x00800478        0x1 OS/Task.o
                0x00800478                quality
 .bss.signal    0x00800479        0x1 OS/Task.o
                0x00800479                signal
 .bss.SensorValue
                0x0080047a        0x1 OS/Task.o
 .bss.ESP_flags
                0x0080047b        0x1 OS/Task.o
 .bss.NonPeriodictaskArr
                0x0080047c       0x19 OS/Taskadd.o
                0x0080047c                NonPeriodictaskArr
 .bss.opentask.1967
                0x00800495        0x1 OS/Taskadd.o
 .bss.openDone  0x00800496        0x1 OS/Taskadd.o
 .bss.opentaskbase.1978
                0x00800497        0x1 OS/Taskadd.o
 .bss.tasktime.1992
                0x00800498        0x2 OS/Taskadd.o
 *(COMMON)
 COMMON         0x0080049a        0xf ASW/ESP8266.o
                0x0080049a                UartEvents
                0x0080049b                data_in
                0x008004a0                r
                0x008004a1                Sendstatus
                0x008004a2                callbackFunction
                0x008004a4                Data_Count
                0x008004a5                event
                0x008004a6                command_ready
                0x008004a7                espdata
                0x008004a8                Esp_Index
 COMMON         0x008004a9        0x7 ASW/Routines.o
                0x008004a9                Nvm_Table_t
                0x008004af                eventount
 COMMON         0x008004b0        0x4 BaseLayer/ExtInterrupt.o
                0x008004b0                TimeReady
                0x008004b1                TimerValue
                0x008004b3                overflowfag
 COMMON         0x008004b4        0x9 BaseLayer/NVM.o
                0x008004b4                IndexNvmCount
                0x008004b5                message
                0x008004b7                eepromaddress
                0x008004b9                WriteorRead
                0x008004ba                eepromaddressCopy
                0x008004bc                WriteSize
 COMMON         0x008004bd       0x64 BaseLayer/UART.o
                0x008004bd                ESPUartData
 COMMON         0x00800521       0x2a MddleLayer/DebugHandler.o
                0x00800521                Datastore
                0x00800535                argp1
                0x00800537                VariableManager_t
 COMMON         0x0080054b       0x5a OS/EventQ.o
                0x0080054b                eQ
 COMMON         0x008005a5       0x1a OS/GccApplication1.o
                0x008005a5                ADC_Array
                0x008005b9                e
 COMMON         0x008005bf       0x14 OS/OSRR.o
                0x008005bf                callbackarray
 COMMON         0x008005d3        0x1 OS/Task.o
                0x008005d3                Sigout
                0x008005d4                PROVIDE (__bss_end, .)
                0x00002bd0                __data_load_start = LOADADDR (.data)
                0x00002e20                __data_load_end = (__data_load_start + SIZEOF (.data))

.noinit         0x008005d4        0x0
                [!provide]                PROVIDE (__noinit_start, .)
 *(.noinit*)
                [!provide]                PROVIDE (__noinit_end, .)
                0x008005d4                _end = .
                0x008005d4                PROVIDE (__heap_start, .)

.eeprom         0x00810000        0x0
 *(.eeprom*)
                0x00810000                __eeprom_end = .

.fuse
 *(.fuse)
 *(.lfuse)
 *(.hfuse)
 *(.efuse)

.lock
 *(.lock*)

.signature
 *(.signature*)

.user_signatures
 *(.user_signatures*)

.stab
 *(.stab)

.stabstr
 *(.stabstr)

.stab.excl
 *(.stab.excl)

.stab.exclstr
 *(.stab.exclstr)

.stab.index
 *(.stab.index)

.stab.indexstr
 *(.stab.indexstr)

.comment        0x00000000       0x5f
 *(.comment)
 .comment       0x00000000       0x2f ASW/BlinkCode.o
                                 0x30 (size before relaxing)
 .comment       0x0000002f       0x30 ASW/ESP8266.o
 .comment       0x0000002f       0x30 ASW/Routines.o
 .comment       0x0000002f       0x30 ASW/UartHandler.o
 .comment       0x0000002f       0x30 BaseLayer/ADC.o
 .comment       0x0000002f       0x30 BaseLayer/CircularQueue.o
 .comment       0x0000002f       0x30 BaseLayer/ExtInterrupt.o
 .comment       0x0000002f       0x30 BaseLayer/I2C.o
 .comment       0x0000002f       0x30 BaseLayer/NVM.o
 .comment       0x0000002f       0x30 BaseLayer/pinout.o
 .comment       0x0000002f       0x30 BaseLayer/SPI.o
 .comment       0x0000002f       0x30 BaseLayer/Timer2.o
 .comment       0x0000002f       0x30 BaseLayer/UART.o
                                 0x31 (size before relaxing)
 .comment       0x0000005f       0x30 MddleLayer/ADCread.o
 .comment       0x0000005f       0x30 MddleLayer/BaseTask.o
 .comment       0x0000005f       0x30 MddleLayer/DebugHandler.o
 .comment       0x0000005f       0x30 MddleLayer/EepromStructure.o
 .comment       0x0000005f       0x30 MddleLayer/MaxDisp.o
 .comment       0x0000005f       0x30 MddleLayer/SignalHandler.o
 .comment       0x0000005f       0x31 MddleLayer/UartTransmit.o
 .comment       0x0000005f       0x30 OS/EventQ.o
 .comment       0x0000005f       0x30 OS/GccApplication1.o
 .comment       0x0000005f       0x30 OS/OSRR.o
 .comment       0x0000005f       0x31 OS/Task.o
 .comment       0x0000005f       0x30 OS/Taskadd.o
 .comment       0x0000005f       0x30 RTE ASW/Rte_ASW.o
 .comment       0x0000005f       0x30 RTE Base/RTE_BSW.o
 .comment       0x0000005f       0x30 RTE Middle/RTE_MiddleLayer.o

.note.gnu.avr.deviceinfo
                0x00000000       0x40
 .note.gnu.avr.deviceinfo
                0x00000000       0x40 C:/Program Files (x86)/Atmel/Studio/7.0/Packs/atmel/ATmega_DFP/1.2.150/gcc/dev/atmega328p/avr5/crtatmega328p.o

.note.gnu.build-id
 *(.note.gnu.build-id)

.debug
 *(.debug)

.line
 *(.line)

.debug_srcinfo
 *(.debug_srcinfo)

.debug_sfnames
 *(.debug_sfnames)

.debug_aranges  0x00000000      0x7c8
 *(.debug_aranges)
 .debug_aranges
                0x00000000       0x28 ASW/BlinkCode.o
 .debug_aranges
                0x00000028       0xd0 ASW/ESP8266.o
 .debug_aranges
                0x000000f8       0x20 ASW/Routines.o
 .debug_aranges
                0x00000118       0x28 ASW/UartHandler.o
 .debug_aranges
                0x00000140       0x40 BaseLayer/ADC.o
 .debug_aranges
                0x00000180       0x38 BaseLayer/CircularQueue.o
 .debug_aranges
                0x000001b8       0x40 BaseLayer/ExtInterrupt.o
 .debug_aranges
                0x000001f8       0xa0 BaseLayer/I2C.o
 .debug_aranges
                0x00000298       0x40 BaseLayer/NVM.o
 .debug_aranges
                0x000002d8       0x30 BaseLayer/pinout.o
 .debug_aranges
                0x00000308       0x40 BaseLayer/SPI.o
 .debug_aranges
                0x00000348       0x38 BaseLayer/Timer2.o
 .debug_aranges
                0x00000380       0x98 BaseLayer/UART.o
 .debug_aranges
                0x00000418       0x28 MddleLayer/ADCread.o
 .debug_aranges
                0x00000440       0x38 MddleLayer/BaseTask.o
 .debug_aranges
                0x00000478       0x48 MddleLayer/DebugHandler.o
 .debug_aranges
                0x000004c0       0x20 MddleLayer/EepromStructure.o
 .debug_aranges
                0x000004e0       0x40 MddleLayer/MaxDisp.o
 .debug_aranges
                0x00000520       0x20 MddleLayer/SignalHandler.o
 .debug_aranges
                0x00000540       0x38 MddleLayer/UartTransmit.o
 .debug_aranges
                0x00000578       0x80 OS/EventQ.o
 .debug_aranges
                0x000005f8       0x38 OS/GccApplication1.o
 .debug_aranges
                0x00000630       0x30 OS/OSRR.o
 .debug_aranges
                0x00000660       0x88 OS/Task.o
 .debug_aranges
                0x000006e8       0x50 OS/Taskadd.o
 .debug_aranges
                0x00000738       0x30 RTE ASW/Rte_ASW.o
 .debug_aranges
                0x00000768       0x30 RTE Base/RTE_BSW.o
 .debug_aranges
                0x00000798       0x30 RTE Middle/RTE_MiddleLayer.o

.debug_pubnames
 *(.debug_pubnames)

.debug_info     0x00000000     0x8d34
 *(.debug_info .gnu.linkonce.wi.*)
 .debug_info    0x00000000      0x5f4 C:/Program Files (x86)/Atmel/Studio/7.0/Packs/atmel/ATmega_DFP/1.2.150/gcc/dev/atmega328p/avr5/crtatmega328p.o
 .debug_info    0x000005f4      0x1d2 ASW/BlinkCode.o
 .debug_info    0x000007c6     0x1088 ASW/ESP8266.o
 .debug_info    0x0000184e      0x404 ASW/Routines.o
 .debug_info    0x00001c52      0x20e ASW/UartHandler.o
 .debug_info    0x00001e60      0x1db BaseLayer/ADC.o
 .debug_info    0x0000203b      0x2a7 BaseLayer/CircularQueue.o
 .debug_info    0x000022e2      0x4ce BaseLayer/ExtInterrupt.o
 .debug_info    0x000027b0      0x87d BaseLayer/I2C.o
 .debug_info    0x0000302d      0x2b3 BaseLayer/NVM.o
 .debug_info    0x000032e0      0x2c3 BaseLayer/pinout.o
 .debug_info    0x000035a3      0x1a2 BaseLayer/SPI.o
 .debug_info    0x00003745      0x1b6 BaseLayer/Timer2.o
 .debug_info    0x000038fb      0x82a BaseLayer/UART.o
 .debug_info    0x00004125      0x389 MddleLayer/ADCread.o
 .debug_info    0x000044ae      0x332 MddleLayer/BaseTask.o
 .debug_info    0x000047e0      0x65b MddleLayer/DebugHandler.o
 .debug_info    0x00004e3b      0x106 MddleLayer/EepromStructure.o
 .debug_info    0x00004f41      0x856 MddleLayer/MaxDisp.o
 .debug_info    0x00005797      0x14b MddleLayer/SignalHandler.o
 .debug_info    0x000058e2      0x371 MddleLayer/UartTransmit.o
 .debug_info    0x00005c53      0x607 OS/EventQ.o
 .debug_info    0x0000625a      0x6fd OS/GccApplication1.o
 .debug_info    0x00006957      0x25e OS/OSRR.o
 .debug_info    0x00006bb5     0x142a OS/Task.o
 .debug_info    0x00007fdf      0x819 OS/Taskadd.o
 .debug_info    0x000087f8      0x1a7 RTE ASW/Rte_ASW.o
 .debug_info    0x0000899f      0x1ea RTE Base/RTE_BSW.o
 .debug_info    0x00008b89      0x1ab RTE Middle/RTE_MiddleLayer.o

.debug_abbrev   0x00000000     0x34b8
 *(.debug_abbrev)
 .debug_abbrev  0x00000000      0x5a2 C:/Program Files (x86)/Atmel/Studio/7.0/Packs/atmel/ATmega_DFP/1.2.150/gcc/dev/atmega328p/avr5/crtatmega328p.o
 .debug_abbrev  0x000005a2      0x11c ASW/BlinkCode.o
 .debug_abbrev  0x000006be      0x3fc ASW/ESP8266.o
 .debug_abbrev  0x00000aba      0x219 ASW/Routines.o
 .debug_abbrev  0x00000cd3      0x14d ASW/UartHandler.o
 .debug_abbrev  0x00000e20      0x13e BaseLayer/ADC.o
 .debug_abbrev  0x00000f5e      0x11f BaseLayer/CircularQueue.o
 .debug_abbrev  0x0000107d      0x256 BaseLayer/ExtInterrupt.o
 .debug_abbrev  0x000012d3      0x1f3 BaseLayer/I2C.o
 .debug_abbrev  0x000014c6      0x17f BaseLayer/NVM.o
 .debug_abbrev  0x00001645      0x13a BaseLayer/pinout.o
 .debug_abbrev  0x0000177f       0xcf BaseLayer/SPI.o
 .debug_abbrev  0x0000184e       0xd9 BaseLayer/Timer2.o
 .debug_abbrev  0x00001927      0x251 BaseLayer/UART.o
 .debug_abbrev  0x00001b78      0x1ab MddleLayer/ADCread.o
 .debug_abbrev  0x00001d23      0x14a MddleLayer/BaseTask.o
 .debug_abbrev  0x00001e6d      0x205 MddleLayer/DebugHandler.o
 .debug_abbrev  0x00002072       0xb3 MddleLayer/EepromStructure.o
 .debug_abbrev  0x00002125      0x186 MddleLayer/MaxDisp.o
 .debug_abbrev  0x000022ab       0xed MddleLayer/SignalHandler.o
 .debug_abbrev  0x00002398      0x165 MddleLayer/UartTransmit.o
 .debug_abbrev  0x000024fd      0x25f OS/EventQ.o
 .debug_abbrev  0x0000275c      0x2b9 OS/GccApplication1.o
 .debug_abbrev  0x00002a15      0x191 OS/OSRR.o
 .debug_abbrev  0x00002ba6      0x3c7 OS/Task.o
 .debug_abbrev  0x00002f6d      0x2cf OS/Taskadd.o
 .debug_abbrev  0x0000323c       0xab RTE ASW/Rte_ASW.o
 .debug_abbrev  0x000032e7      0x10a RTE Base/RTE_BSW.o
 .debug_abbrev  0x000033f1       0xc7 RTE Middle/RTE_MiddleLayer.o

.debug_line     0x00000000     0x38c5
 *(.debug_line .debug_line.* .debug_line_end)
 .debug_line    0x00000000      0x133 C:/Program Files (x86)/Atmel/Studio/7.0/Packs/atmel/ATmega_DFP/1.2.150/gcc/dev/atmega328p/avr5/crtatmega328p.o
 .debug_line    0x00000133      0x115 ASW/BlinkCode.o
 .debug_line    0x00000248      0x401 ASW/ESP8266.o
 .debug_line    0x00000649      0x15b ASW/Routines.o
 .debug_line    0x000007a4      0x175 ASW/UartHandler.o
 .debug_line    0x00000919      0x145 BaseLayer/ADC.o
 .debug_line    0x00000a5e      0x14b BaseLayer/CircularQueue.o
 .debug_line    0x00000ba9      0x227 BaseLayer/ExtInterrupt.o
 .debug_line    0x00000dd0      0x2cc BaseLayer/I2C.o
 .debug_line    0x0000109c      0x142 BaseLayer/NVM.o
 .debug_line    0x000011de      0x10e BaseLayer/pinout.o
 .debug_line    0x000012ec      0x13b BaseLayer/SPI.o
 .debug_line    0x00001427      0x12c BaseLayer/Timer2.o
 .debug_line    0x00001553      0x4d0 BaseLayer/UART.o
 .debug_line    0x00001a23      0x168 MddleLayer/ADCread.o
 .debug_line    0x00001b8b      0x178 MddleLayer/BaseTask.o
 .debug_line    0x00001d03      0x241 MddleLayer/DebugHandler.o
 .debug_line    0x00001f44       0xfd MddleLayer/EepromStructure.o
 .debug_line    0x00002041      0x1a5 MddleLayer/MaxDisp.o
 .debug_line    0x000021e6      0x10d MddleLayer/SignalHandler.o
 .debug_line    0x000022f3      0x176 MddleLayer/UartTransmit.o
 .debug_line    0x00002469      0x237 OS/EventQ.o
 .debug_line    0x000026a0      0x2a9 OS/GccApplication1.o
 .debug_line    0x00002949      0x14f OS/OSRR.o
 .debug_line    0x00002a98      0x82e OS/Task.o
 .debug_line    0x000032c6      0x294 OS/Taskadd.o
 .debug_line    0x0000355a       0xfa RTE ASW/Rte_ASW.o
 .debug_line    0x00003654      0x16d RTE Base/RTE_BSW.o
 .debug_line    0x000037c1      0x104 RTE Middle/RTE_MiddleLayer.o

.debug_frame    0x00000000     0x12d4
 *(.debug_frame)
 .debug_frame   0x00000000       0x34 ASW/BlinkCode.o
 .debug_frame   0x00000034      0x248 ASW/ESP8266.o
 .debug_frame   0x0000027c       0x34 ASW/Routines.o
 .debug_frame   0x000002b0       0x44 ASW/UartHandler.o
 .debug_frame   0x000002f4       0x74 BaseLayer/ADC.o
 .debug_frame   0x00000368       0x54 BaseLayer/CircularQueue.o
 .debug_frame   0x000003bc       0xb8 BaseLayer/ExtInterrupt.o
 .debug_frame   0x00000474      0x20c BaseLayer/I2C.o
 .debug_frame   0x00000680       0xac BaseLayer/NVM.o
 .debug_frame   0x0000072c       0x44 BaseLayer/pinout.o
 .debug_frame   0x00000770       0x64 BaseLayer/SPI.o
 .debug_frame   0x000007d4       0x70 BaseLayer/Timer2.o
 .debug_frame   0x00000844      0x1e4 BaseLayer/UART.o
 .debug_frame   0x00000a28       0x50 MddleLayer/ADCread.o
 .debug_frame   0x00000a78       0x74 MddleLayer/BaseTask.o
 .debug_frame   0x00000aec      0x10c MddleLayer/DebugHandler.o
 .debug_frame   0x00000bf8       0x24 MddleLayer/EepromStructure.o
 .debug_frame   0x00000c1c       0xa0 MddleLayer/MaxDisp.o
 .debug_frame   0x00000cbc       0x30 MddleLayer/SignalHandler.o
 .debug_frame   0x00000cec       0x60 MddleLayer/UartTransmit.o
 .debug_frame   0x00000d4c      0x184 OS/EventQ.o
 .debug_frame   0x00000ed0       0x74 OS/GccApplication1.o
 .debug_frame   0x00000f44       0x54 OS/OSRR.o
 .debug_frame   0x00000f98      0x158 OS/Task.o
 .debug_frame   0x000010f0      0x100 OS/Taskadd.o
 .debug_frame   0x000011f0       0x44 RTE ASW/Rte_ASW.o
 .debug_frame   0x00001234       0x5c RTE Base/RTE_BSW.o
 .debug_frame   0x00001290       0x44 RTE Middle/RTE_MiddleLayer.o

.debug_str      0x00000000     0x1d09
 *(.debug_str)
 .debug_str     0x00000000      0x208 C:/Program Files (x86)/Atmel/Studio/7.0/Packs/atmel/ATmega_DFP/1.2.150/gcc/dev/atmega328p/avr5/crtatmega328p.o
 .debug_str     0x00000208      0x14d ASW/BlinkCode.o
                                0x187 (size before relaxing)
 .debug_str     0x00000355      0x5a2 ASW/ESP8266.o
                                0x6d1 (size before relaxing)
 .debug_str     0x000008f7       0xc9 ASW/Routines.o
                                0x209 (size before relaxing)
 .debug_str     0x000009c0       0x90 ASW/UartHandler.o
                                0x1a7 (size before relaxing)
 .debug_str     0x00000a50       0x52 BaseLayer/ADC.o
                                0x15b (size before relaxing)
 .debug_str     0x00000aa2       0x9f BaseLayer/CircularQueue.o
                                0x1e9 (size before relaxing)
 .debug_str     0x00000b41       0xf5 BaseLayer/ExtInterrupt.o
                                0x276 (size before relaxing)
 .debug_str     0x00000c36      0x14f BaseLayer/I2C.o
                                0x249 (size before relaxing)
 .debug_str     0x00000d85       0xb1 BaseLayer/NVM.o
                                0x1e7 (size before relaxing)
 .debug_str     0x00000e36       0x50 BaseLayer/pinout.o
                                0x185 (size before relaxing)
 .debug_str     0x00000e86       0xbd BaseLayer/SPI.o
                                0x194 (size before relaxing)
 .debug_str     0x00000f43       0x2f BaseLayer/Timer2.o
                                0x172 (size before relaxing)
 .debug_str     0x00000f72      0x1af BaseLayer/UART.o
                                0x41d (size before relaxing)
 .debug_str     0x00001121      0x10a MddleLayer/ADCread.o
                                0x25c (size before relaxing)
 .debug_str     0x0000122b       0x9e MddleLayer/BaseTask.o
                                0x248 (size before relaxing)
 .debug_str     0x000012c9      0x124 MddleLayer/DebugHandler.o
                                0x266 (size before relaxing)
 .debug_str     0x000013ed       0x2e MddleLayer/EepromStructure.o
                                0x14b (size before relaxing)
 .debug_str     0x0000141b       0xbc MddleLayer/MaxDisp.o
                                0x2a1 (size before relaxing)
 .debug_str     0x000014d7       0x41 MddleLayer/SignalHandler.o
                                0x12a (size before relaxing)
 .debug_str     0x00001518       0x74 MddleLayer/UartTransmit.o
                                0x2f5 (size before relaxing)
 .debug_str     0x0000158c      0x157 OS/EventQ.o
                                0x2c5 (size before relaxing)
 .debug_str     0x000016e3       0xe3 OS/GccApplication1.o
                                0x381 (size before relaxing)
 .debug_str     0x000017c6       0x27 OS/OSRR.o
                                0x1a9 (size before relaxing)
 .debug_str     0x000017ed      0x262 OS/Task.o
                                0x78c (size before relaxing)
 .debug_str     0x00001a4f      0x18f OS/Taskadd.o
                                0x42f (size before relaxing)
 .debug_str     0x00001bde       0xa7 RTE ASW/Rte_ASW.o
                                0x195 (size before relaxing)
 .debug_str     0x00001c85       0x64 RTE Base/RTE_BSW.o
                                0x19a (size before relaxing)
 .debug_str     0x00001ce9       0x20 RTE Middle/RTE_MiddleLayer.o
                                0x198 (size before relaxing)

.debug_loc      0x00000000     0x3bbe
 *(.debug_loc)
 .debug_loc     0x00000000       0x65 ASW/BlinkCode.o
 .debug_loc     0x00000065      0x89b ASW/ESP8266.o
 .debug_loc     0x00000900       0xae ASW/Routines.o
 .debug_loc     0x000009ae       0x48 ASW/UartHandler.o
 .debug_loc     0x000009f6       0x92 BaseLayer/ADC.o
 .debug_loc     0x00000a88       0xf6 BaseLayer/CircularQueue.o
 .debug_loc     0x00000b7e      0x15c BaseLayer/ExtInterrupt.o
 .debug_loc     0x00000cda      0x990 BaseLayer/I2C.o
 .debug_loc     0x0000166a      0x114 BaseLayer/NVM.o
 .debug_loc     0x0000177e      0x1fe BaseLayer/pinout.o
 .debug_loc     0x0000197c       0x9b BaseLayer/SPI.o
 .debug_loc     0x00001a17       0x6b BaseLayer/Timer2.o
 .debug_loc     0x00001a82      0x5db BaseLayer/UART.o
 .debug_loc     0x0000205d      0x1cb MddleLayer/ADCread.o
 .debug_loc     0x00002228       0x90 MddleLayer/BaseTask.o
 .debug_loc     0x000022b8      0x46a MddleLayer/DebugHandler.o
 .debug_loc     0x00002722      0x25a MddleLayer/MaxDisp.o
 .debug_loc     0x0000297c      0x113 MddleLayer/SignalHandler.o
 .debug_loc     0x00002a8f       0x90 MddleLayer/UartTransmit.o
 .debug_loc     0x00002b1f      0x514 OS/EventQ.o
 .debug_loc     0x00003033       0xf7 OS/GccApplication1.o
 .debug_loc     0x0000312a       0x68 OS/OSRR.o
 .debug_loc     0x00003192      0x529 OS/Task.o
 .debug_loc     0x000036bb      0x2e7 OS/Taskadd.o
 .debug_loc     0x000039a2       0x72 RTE ASW/Rte_ASW.o
 .debug_loc     0x00003a14      0x138 RTE Base/RTE_BSW.o
 .debug_loc     0x00003b4c       0x72 RTE Middle/RTE_MiddleLayer.o

.debug_macinfo
 *(.debug_macinfo)

.debug_weaknames
 *(.debug_weaknames)

.debug_funcnames
 *(.debug_funcnames)

.debug_typenames
 *(.debug_typenames)

.debug_varnames
 *(.debug_varnames)

.debug_pubtypes
 *(.debug_pubtypes)

.debug_ranges   0x00000000      0x708
 *(.debug_ranges)
 .debug_ranges  0x00000000       0x18 ASW/BlinkCode.o
 .debug_ranges  0x00000018      0x100 ASW/ESP8266.o
 .debug_ranges  0x00000118       0x10 ASW/Routines.o
 .debug_ranges  0x00000128       0x18 ASW/UartHandler.o
 .debug_ranges  0x00000140       0x30 BaseLayer/ADC.o
 .debug_ranges  0x00000170       0x28 BaseLayer/CircularQueue.o
 .debug_ranges  0x00000198       0x30 BaseLayer/ExtInterrupt.o
 .debug_ranges  0x000001c8       0xc0 BaseLayer/I2C.o
 .debug_ranges  0x00000288       0x30 BaseLayer/NVM.o
 .debug_ranges  0x000002b8       0x20 BaseLayer/pinout.o
 .debug_ranges  0x000002d8       0x30 BaseLayer/SPI.o
 .debug_ranges  0x00000308       0x28 BaseLayer/Timer2.o
 .debug_ranges  0x00000330       0x88 BaseLayer/UART.o
 .debug_ranges  0x000003b8       0x60 MddleLayer/ADCread.o
 .debug_ranges  0x00000418       0x28 MddleLayer/BaseTask.o
 .debug_ranges  0x00000440       0x38 MddleLayer/DebugHandler.o
 .debug_ranges  0x00000478       0x10 MddleLayer/EepromStructure.o
 .debug_ranges  0x00000488       0x30 MddleLayer/MaxDisp.o
 .debug_ranges  0x000004b8       0x10 MddleLayer/SignalHandler.o
 .debug_ranges  0x000004c8       0x28 MddleLayer/UartTransmit.o
 .debug_ranges  0x000004f0       0x70 OS/EventQ.o
 .debug_ranges  0x00000560       0x28 OS/GccApplication1.o
 .debug_ranges  0x00000588       0x20 OS/OSRR.o
 .debug_ranges  0x000005a8       0x78 OS/Task.o
 .debug_ranges  0x00000620       0x88 OS/Taskadd.o
 .debug_ranges  0x000006a8       0x20 RTE ASW/Rte_ASW.o
 .debug_ranges  0x000006c8       0x20 RTE Base/RTE_BSW.o
 .debug_ranges  0x000006e8       0x20 RTE Middle/RTE_MiddleLayer.o

.debug_macro
 *(.debug_macro)
OUTPUT(water_level_indicator.elf elf32-avr)
LOAD linker stubs
